<!doctype html public "-//w3c//dtd html 4.0 transitional//en">
<html><head>
<title>Static Call Graph - [.\Obj\Project.axf]</title></head>
<body><HR>
<H1>Static Call Graph for image .\Obj\Project.axf</H1><HR>
<BR><P>#&#060CALLGRAPH&#062# ARM Linker, 5.03 [Build 76]: Last Updated: Tue Jun 23 16:28:58 2015
<BR><P>
<H3>Maximum Stack Usage =       1168 bytes + Unknown(Cycles, Untraceable Function Pointers)</H3><H3>
Call chain for Maximum Stack Depth:</H3>
ReceiveData &rArr; YmodemReceive &rArr; YmodemSendChar &rArr; BspUsart1Send &rArr; USART_ITConfig
<P>
<H3>
Mutually Recursive functions
</H3> <LI><a href="#[4]">BusFaultException</a>&nbsp;&nbsp;&nbsp;&rArr;&nbsp;&nbsp;&nbsp;<a href="#[4]">BusFaultException</a><BR>
 <LI><a href="#[2]">HardFaultException</a>&nbsp;&nbsp;&nbsp;&rArr;&nbsp;&nbsp;&nbsp;<a href="#[2]">HardFaultException</a><BR>
 <LI><a href="#[3]">MemManageException</a>&nbsp;&nbsp;&nbsp;&rArr;&nbsp;&nbsp;&nbsp;<a href="#[3]">MemManageException</a><BR>
 <LI><a href="#[5]">UsageFaultException</a>&nbsp;&nbsp;&nbsp;&rArr;&nbsp;&nbsp;&nbsp;<a href="#[5]">UsageFaultException</a><BR>
</UL>
<P>
<H3>
Function Pointers
</H3><UL>
 <LI><a href="#[1c]">ADC1_2_IRQHandler</a> from stm32f10x_it.o(i.ADC1_2_IRQHandler) referenced from stm32f10x_vector.o(RESET)
 <LI><a href="#[39]">ADC3_IRQHandler</a> from stm32f10x_it.o(i.ADC3_IRQHandler) referenced from stm32f10x_vector.o(RESET)
 <LI><a href="#[48]">AppChoose</a> from common.o(i.AppChoose) referenced from common.o(i.CommonExec)
 <LI><a href="#[4]">BusFaultException</a> from stm32f10x_it.o(i.BusFaultException) referenced from stm32f10x_vector.o(RESET)
 <LI><a href="#[1f]">CAN_RX1_IRQHandler</a> from stm32f10x_it.o(i.CAN_RX1_IRQHandler) referenced from stm32f10x_vector.o(RESET)
 <LI><a href="#[20]">CAN_SCE_IRQHandler</a> from stm32f10x_it.o(i.CAN_SCE_IRQHandler) referenced from stm32f10x_vector.o(RESET)
 <LI><a href="#[15]">DMA1_Channel1_IRQHandler</a> from stm32f10x_it.o(i.DMA1_Channel1_IRQHandler) referenced from stm32f10x_vector.o(RESET)
 <LI><a href="#[16]">DMA1_Channel2_IRQHandler</a> from stm32f10x_it.o(i.DMA1_Channel2_IRQHandler) referenced from stm32f10x_vector.o(RESET)
 <LI><a href="#[17]">DMA1_Channel3_IRQHandler</a> from stm32f10x_it.o(i.DMA1_Channel3_IRQHandler) referenced from stm32f10x_vector.o(RESET)
 <LI><a href="#[18]">DMA1_Channel4_IRQHandler</a> from stm32f10x_it.o(i.DMA1_Channel4_IRQHandler) referenced from stm32f10x_vector.o(RESET)
 <LI><a href="#[19]">DMA1_Channel5_IRQHandler</a> from stm32f10x_it.o(i.DMA1_Channel5_IRQHandler) referenced from stm32f10x_vector.o(RESET)
 <LI><a href="#[1a]">DMA1_Channel6_IRQHandler</a> from stm32f10x_it.o(i.DMA1_Channel6_IRQHandler) referenced from stm32f10x_vector.o(RESET)
 <LI><a href="#[1b]">DMA1_Channel7_IRQHandler</a> from stm32f10x_it.o(i.DMA1_Channel7_IRQHandler) referenced from stm32f10x_vector.o(RESET)
 <LI><a href="#[42]">DMA2_Channel1_IRQHandler</a> from stm32f10x_it.o(i.DMA2_Channel1_IRQHandler) referenced from stm32f10x_vector.o(RESET)
 <LI><a href="#[43]">DMA2_Channel2_IRQHandler</a> from stm32f10x_it.o(i.DMA2_Channel2_IRQHandler) referenced from stm32f10x_vector.o(RESET)
 <LI><a href="#[44]">DMA2_Channel3_IRQHandler</a> from stm32f10x_it.o(i.DMA2_Channel3_IRQHandler) referenced from stm32f10x_vector.o(RESET)
 <LI><a href="#[45]">DMA2_Channel4_5_IRQHandler</a> from stm32f10x_it.o(i.DMA2_Channel4_5_IRQHandler) referenced from stm32f10x_vector.o(RESET)
 <LI><a href="#[7]">DebugMonitor</a> from stm32f10x_it.o(i.DebugMonitor) referenced from stm32f10x_vector.o(RESET)
 <LI><a href="#[49]">DisplayMessage</a> from common.o(i.DisplayMessage) referenced from common.o(i.CommonExec)
 <LI><a href="#[10]">EXTI0_IRQHandler</a> from stm32f10x_it.o(i.EXTI0_IRQHandler) referenced from stm32f10x_vector.o(RESET)
 <LI><a href="#[32]">EXTI15_10_IRQHandler</a> from stm32f10x_it.o(i.EXTI15_10_IRQHandler) referenced from stm32f10x_vector.o(RESET)
 <LI><a href="#[11]">EXTI1_IRQHandler</a> from stm32f10x_it.o(i.EXTI1_IRQHandler) referenced from stm32f10x_vector.o(RESET)
 <LI><a href="#[12]">EXTI2_IRQHandler</a> from stm32f10x_it.o(i.EXTI2_IRQHandler) referenced from stm32f10x_vector.o(RESET)
 <LI><a href="#[13]">EXTI3_IRQHandler</a> from stm32f10x_it.o(i.EXTI3_IRQHandler) referenced from stm32f10x_vector.o(RESET)
 <LI><a href="#[14]">EXTI4_IRQHandler</a> from stm32f10x_it.o(i.EXTI4_IRQHandler) referenced from stm32f10x_vector.o(RESET)
 <LI><a href="#[21]">EXTI9_5_IRQHandler</a> from stm32f10x_it.o(i.EXTI9_5_IRQHandler) referenced from stm32f10x_vector.o(RESET)
 <LI><a href="#[e]">FLASH_IRQHandler</a> from stm32f10x_it.o(i.FLASH_IRQHandler) referenced from stm32f10x_vector.o(RESET)
 <LI><a href="#[50]">FLASH_ProgramDone</a> from download.o(i.FLASH_ProgramDone) referenced from common.o(i.InputSelect)
 <LI><a href="#[4e]">FLASH_ProgramStart</a> from download.o(i.FLASH_ProgramStart) referenced from common.o(i.InputSelect)
 <LI><a href="#[4f]">FLASH_WriteBank</a> from download.o(i.FLASH_WriteBank) referenced from common.o(i.InputSelect)
 <LI><a href="#[3a]">FSMC_IRQHandler</a> from stm32f10x_it.o(i.FSMC_IRQHandler) referenced from stm32f10x_vector.o(RESET)
 <LI><a href="#[2]">HardFaultException</a> from stm32f10x_it.o(i.HardFaultException) referenced from stm32f10x_vector.o(RESET)
 <LI><a href="#[2a]">I2C1_ER_IRQHandler</a> from stm32f10x_it.o(i.I2C1_ER_IRQHandler) referenced from stm32f10x_vector.o(RESET)
 <LI><a href="#[29]">I2C1_EV_IRQHandler</a> from stm32f10x_it.o(i.I2C1_EV_IRQHandler) referenced from stm32f10x_vector.o(RESET)
 <LI><a href="#[2c]">I2C2_ER_IRQHandler</a> from stm32f10x_it.o(i.I2C2_ER_IRQHandler) referenced from stm32f10x_vector.o(RESET)
 <LI><a href="#[2b]">I2C2_EV_IRQHandler</a> from stm32f10x_it.o(i.I2C2_EV_IRQHandler) referenced from stm32f10x_vector.o(RESET)
 <LI><a href="#[4a]">InputSelect</a> from common.o(i.InputSelect) referenced from common.o(i.CommonExec)
 <LI><a href="#[3]">MemManageException</a> from stm32f10x_it.o(i.MemManageException) referenced from stm32f10x_vector.o(RESET)
 <LI><a href="#[1]">NMIException</a> from stm32f10x_it.o(i.NMIException) referenced from stm32f10x_vector.o(RESET)
 <LI><a href="#[b]">PVD_IRQHandler</a> from stm32f10x_it.o(i.PVD_IRQHandler) referenced from stm32f10x_vector.o(RESET)
 <LI><a href="#[8]">PendSVC</a> from stm32f10x_it.o(i.PendSVC) referenced from stm32f10x_vector.o(RESET)
 <LI><a href="#[f]">RCC_IRQHandler</a> from stm32f10x_it.o(i.RCC_IRQHandler) referenced from stm32f10x_vector.o(RESET)
 <LI><a href="#[33]">RTCAlarm_IRQHandler</a> from stm32f10x_it.o(i.RTCAlarm_IRQHandler) referenced from stm32f10x_vector.o(RESET)
 <LI><a href="#[d]">RTC_IRQHandler</a> from stm32f10x_it.o(i.RTC_IRQHandler) referenced from stm32f10x_vector.o(RESET)
 <LI><a href="#[4d]">ReceOneChar</a> from common.o(i.ReceOneChar) referenced from common.o(i.CommonInit)
 <LI><a href="#[4b]">ReceiveData</a> from common.o(i.ReceiveData) referenced from common.o(i.CommonExec)
 <LI><a href="#[0]">Reset_Handler</a> from stm32f10x_vector.o(.text) referenced from stm32f10x_vector.o(RESET)
 <LI><a href="#[3b]">SDIO_IRQHandler</a> from stm32f10x_it.o(i.SDIO_IRQHandler) referenced from stm32f10x_vector.o(RESET)
 <LI><a href="#[2d]">SPI1_IRQHandler</a> from stm32f10x_it.o(i.SPI1_IRQHandler) referenced from stm32f10x_vector.o(RESET)
 <LI><a href="#[2e]">SPI2_IRQHandler</a> from stm32f10x_it.o(i.SPI2_IRQHandler) referenced from stm32f10x_vector.o(RESET)
 <LI><a href="#[3d]">SPI3_IRQHandler</a> from stm32f10x_it.o(i.SPI3_IRQHandler) referenced from stm32f10x_vector.o(RESET)
 <LI><a href="#[6]">SVCHandler</a> from stm32f10x_it.o(i.SVCHandler) referenced from stm32f10x_vector.o(RESET)
 <LI><a href="#[9]">SysTickHandler</a> from stm32f10x_it.o(i.SysTickHandler) referenced from stm32f10x_vector.o(RESET)
 <LI><a href="#[c]">TAMPER_IRQHandler</a> from stm32f10x_it.o(i.TAMPER_IRQHandler) referenced from stm32f10x_vector.o(RESET)
 <LI><a href="#[22]">TIM1_BRK_IRQHandler</a> from stm32f10x_it.o(i.TIM1_BRK_IRQHandler) referenced from stm32f10x_vector.o(RESET)
 <LI><a href="#[25]">TIM1_CC_IRQHandler</a> from stm32f10x_it.o(i.TIM1_CC_IRQHandler) referenced from stm32f10x_vector.o(RESET)
 <LI><a href="#[24]">TIM1_TRG_COM_IRQHandler</a> from stm32f10x_it.o(i.TIM1_TRG_COM_IRQHandler) referenced from stm32f10x_vector.o(RESET)
 <LI><a href="#[23]">TIM1_UP_IRQHandler</a> from stm32f10x_it.o(i.TIM1_UP_IRQHandler) referenced from stm32f10x_vector.o(RESET)
 <LI><a href="#[26]">TIM2_IRQHandler</a> from bsptime2.o(i.TIM2_IRQHandler) referenced from stm32f10x_vector.o(RESET)
 <LI><a href="#[27]">TIM3_IRQHandler</a> from bsptime3.o(i.TIM3_IRQHandler) referenced from stm32f10x_vector.o(RESET)
 <LI><a href="#[28]">TIM4_IRQHandler</a> from stm32f10x_it.o(i.TIM4_IRQHandler) referenced from stm32f10x_vector.o(RESET)
 <LI><a href="#[3c]">TIM5_IRQHandler</a> from stm32f10x_it.o(i.TIM5_IRQHandler) referenced from stm32f10x_vector.o(RESET)
 <LI><a href="#[40]">TIM6_IRQHandler</a> from stm32f10x_it.o(i.TIM6_IRQHandler) referenced from stm32f10x_vector.o(RESET)
 <LI><a href="#[41]">TIM7_IRQHandler</a> from stm32f10x_it.o(i.TIM7_IRQHandler) referenced from stm32f10x_vector.o(RESET)
 <LI><a href="#[35]">TIM8_BRK_IRQHandler</a> from stm32f10x_it.o(i.TIM8_BRK_IRQHandler) referenced from stm32f10x_vector.o(RESET)
 <LI><a href="#[38]">TIM8_CC_IRQHandler</a> from stm32f10x_it.o(i.TIM8_CC_IRQHandler) referenced from stm32f10x_vector.o(RESET)
 <LI><a href="#[37]">TIM8_TRG_COM_IRQHandler</a> from stm32f10x_it.o(i.TIM8_TRG_COM_IRQHandler) referenced from stm32f10x_vector.o(RESET)
 <LI><a href="#[36]">TIM8_UP_IRQHandler</a> from stm32f10x_it.o(i.TIM8_UP_IRQHandler) referenced from stm32f10x_vector.o(RESET)
 <LI><a href="#[4c]">TimEndHandle</a> from common.o(i.TimEndHandle) referenced from common.o(i.CommonInit)
 <LI><a href="#[3e]">UART4_IRQHandler</a> from stm32f10x_it.o(i.UART4_IRQHandler) referenced from stm32f10x_vector.o(RESET)
 <LI><a href="#[3f]">UART5_IRQHandler</a> from stm32f10x_it.o(i.UART5_IRQHandler) referenced from stm32f10x_vector.o(RESET)
 <LI><a href="#[2f]">USART1_IRQHandler</a> from bspusart1.o(i.USART1_IRQHandler) referenced from stm32f10x_vector.o(RESET)
 <LI><a href="#[30]">USART2_IRQHandler</a> from stm32f10x_it.o(i.USART2_IRQHandler) referenced from stm32f10x_vector.o(RESET)
 <LI><a href="#[31]">USART3_IRQHandler</a> from stm32f10x_it.o(i.USART3_IRQHandler) referenced from stm32f10x_vector.o(RESET)
 <LI><a href="#[34]">USBWakeUp_IRQHandler</a> from stm32f10x_it.o(i.USBWakeUp_IRQHandler) referenced from stm32f10x_vector.o(RESET)
 <LI><a href="#[1d]">USB_HP_CAN_TX_IRQHandler</a> from stm32f10x_it.o(i.USB_HP_CAN_TX_IRQHandler) referenced from stm32f10x_vector.o(RESET)
 <LI><a href="#[1e]">USB_LP_CAN_RX0_IRQHandler</a> from stm32f10x_it.o(i.USB_LP_CAN_RX0_IRQHandler) referenced from stm32f10x_vector.o(RESET)
 <LI><a href="#[5]">UsageFaultException</a> from stm32f10x_it.o(i.UsageFaultException) referenced from stm32f10x_vector.o(RESET)
 <LI><a href="#[a]">WWDG_IRQHandler</a> from stm32f10x_it.o(i.WWDG_IRQHandler) referenced from stm32f10x_vector.o(RESET)
 <LI><a href="#[47]">__main</a> from entry.o(.ARM.Collect$$$$00000000) referenced from stm32f10x_vector.o(.text)
 <LI><a href="#[46]">main</a> from main.o(i.main) referenced from entry9a.o(.ARM.Collect$$$$0000000B)
</UL>
<P>
<H3>
Global Symbols
</H3>
<P><STRONG><a name="[47]"></a>__main</STRONG> (Thumb, 0 bytes, Stack size unknown bytes, entry.o(.ARM.Collect$$$$00000000))
<BR>[Address Reference Count : 1]<UL><LI> stm32f10x_vector.o(.text)
</UL>
<P><STRONG><a name="[a3]"></a>_main_stk</STRONG> (Thumb, 0 bytes, Stack size unknown bytes, entry2.o(.ARM.Collect$$$$00000001))

<P><STRONG><a name="[51]"></a>_main_scatterload</STRONG> (Thumb, 0 bytes, Stack size unknown bytes, entry5.o(.ARM.Collect$$$$00000004))
<BR><BR>[Calls]<UL><LI><a href="#[52]">&gt;&gt;</a>&nbsp;&nbsp;&nbsp;__scatterload
</UL>

<P><STRONG><a name="[56]"></a>__main_after_scatterload</STRONG> (Thumb, 0 bytes, Stack size unknown bytes, entry5.o(.ARM.Collect$$$$00000004))
<BR><BR>[Called By]<UL><LI><a href="#[52]">&gt;&gt;</a>&nbsp;&nbsp;&nbsp;__scatterload
</UL>

<P><STRONG><a name="[a4]"></a>_main_clock</STRONG> (Thumb, 0 bytes, Stack size unknown bytes, entry7b.o(.ARM.Collect$$$$00000008))

<P><STRONG><a name="[a5]"></a>_main_cpp_init</STRONG> (Thumb, 0 bytes, Stack size unknown bytes, entry8b.o(.ARM.Collect$$$$0000000A))

<P><STRONG><a name="[a6]"></a>_main_init</STRONG> (Thumb, 0 bytes, Stack size unknown bytes, entry9a.o(.ARM.Collect$$$$0000000B))

<P><STRONG><a name="[a7]"></a>__rt_final_cpp</STRONG> (Thumb, 0 bytes, Stack size unknown bytes, entry10a.o(.ARM.Collect$$$$0000000D))

<P><STRONG><a name="[a8]"></a>__rt_final_exit</STRONG> (Thumb, 0 bytes, Stack size unknown bytes, entry11a.o(.ARM.Collect$$$$0000000F))

<P><STRONG><a name="[a9]"></a>__get_PSP</STRONG> (Thumb, 6 bytes, Stack size 0 bytes, core_cm3.o(.emb_text), UNUSED)

<P><STRONG><a name="[aa]"></a>__set_PSP</STRONG> (Thumb, 6 bytes, Stack size 0 bytes, core_cm3.o(.emb_text), UNUSED)

<P><STRONG><a name="[ab]"></a>__get_MSP</STRONG> (Thumb, 6 bytes, Stack size 0 bytes, core_cm3.o(.emb_text), UNUSED)

<P><STRONG><a name="[85]"></a>__set_MSP</STRONG> (Thumb, 6 bytes, Stack size 0 bytes, core_cm3.o(.emb_text))
<BR><BR>[Called By]<UL><LI><a href="#[57]">&gt;&gt;</a>&nbsp;&nbsp;&nbsp;JumpToApp
</UL>

<P><STRONG><a name="[ac]"></a>__REV16</STRONG> (Thumb, 4 bytes, Stack size 0 bytes, core_cm3.o(.emb_text), UNUSED)

<P><STRONG><a name="[ad]"></a>__REVSH</STRONG> (Thumb, 4 bytes, Stack size 0 bytes, core_cm3.o(.emb_text), UNUSED)

<P><STRONG><a name="[0]"></a>Reset_Handler</STRONG> (Thumb, 4 bytes, Stack size 0 bytes, stm32f10x_vector.o(.text))
<BR>[Address Reference Count : 1]<UL><LI> stm32f10x_vector.o(RESET)
</UL>
<P><STRONG><a name="[78]"></a>__aeabi_memcpy</STRONG> (Thumb, 36 bytes, Stack size 0 bytes, memcpya.o(.text))
<BR><BR>[Called By]<UL><LI><a href="#[9a]">&gt;&gt;</a>&nbsp;&nbsp;&nbsp;ReceivePacket
<LI><a href="#[76]">&gt;&gt;</a>&nbsp;&nbsp;&nbsp;BspUsart1Send
</UL>

<P><STRONG><a name="[ae]"></a>__aeabi_memcpy4</STRONG> (Thumb, 0 bytes, Stack size 0 bytes, memcpya.o(.text), UNUSED)

<P><STRONG><a name="[af]"></a>__aeabi_memcpy8</STRONG> (Thumb, 0 bytes, Stack size 0 bytes, memcpya.o(.text), UNUSED)

<P><STRONG><a name="[54]"></a>__aeabi_memset</STRONG> (Thumb, 14 bytes, Stack size 0 bytes, memseta.o(.text), UNUSED)
<BR><BR>[Called By]<UL><LI><a href="#[55]">&gt;&gt;</a>&nbsp;&nbsp;&nbsp;_memset$wrapper
<LI><a href="#[53]">&gt;&gt;</a>&nbsp;&nbsp;&nbsp;__aeabi_memclr
</UL>

<P><STRONG><a name="[b0]"></a>__aeabi_memset4</STRONG> (Thumb, 0 bytes, Stack size 0 bytes, memseta.o(.text), UNUSED)

<P><STRONG><a name="[b1]"></a>__aeabi_memset8</STRONG> (Thumb, 0 bytes, Stack size 0 bytes, memseta.o(.text), UNUSED)

<P><STRONG><a name="[53]"></a>__aeabi_memclr</STRONG> (Thumb, 4 bytes, Stack size 0 bytes, memseta.o(.text), UNUSED)
<BR><BR>[Calls]<UL><LI><a href="#[54]">&gt;&gt;</a>&nbsp;&nbsp;&nbsp;__aeabi_memset
</UL>

<P><STRONG><a name="[98]"></a>__aeabi_memclr4</STRONG> (Thumb, 0 bytes, Stack size 0 bytes, memseta.o(.text))
<BR><BR>[Called By]<UL><LI><a href="#[4b]">&gt;&gt;</a>&nbsp;&nbsp;&nbsp;ReceiveData
</UL>

<P><STRONG><a name="[b2]"></a>__aeabi_memclr8</STRONG> (Thumb, 0 bytes, Stack size 0 bytes, memseta.o(.text), UNUSED)

<P><STRONG><a name="[55]"></a>_memset$wrapper</STRONG> (Thumb, 18 bytes, Stack size 8 bytes, memseta.o(.text), UNUSED)
<BR><BR>[Calls]<UL><LI><a href="#[54]">&gt;&gt;</a>&nbsp;&nbsp;&nbsp;__aeabi_memset
</UL>

<P><STRONG><a name="[7d]"></a>strcat</STRONG> (Thumb, 24 bytes, Stack size 0 bytes, strcat.o(.text))
<BR><BR>[Called By]<UL><LI><a href="#[49]">&gt;&gt;</a>&nbsp;&nbsp;&nbsp;DisplayMessage
</UL>

<P><STRONG><a name="[8a]"></a>strlen</STRONG> (Thumb, 14 bytes, Stack size 0 bytes, strlen.o(.text))
<BR><BR>[Called By]<UL><LI><a href="#[58]">&gt;&gt;</a>&nbsp;&nbsp;&nbsp;Print
</UL>

<P><STRONG><a name="[7c]"></a>strcpy</STRONG> (Thumb, 18 bytes, Stack size 0 bytes, strcpy.o(.text))
<BR><BR>[Called By]<UL><LI><a href="#[49]">&gt;&gt;</a>&nbsp;&nbsp;&nbsp;DisplayMessage
</UL>

<P><STRONG><a name="[52]"></a>__scatterload</STRONG> (Thumb, 28 bytes, Stack size 0 bytes, init.o(.text))
<BR><BR>[Calls]<UL><LI><a href="#[56]">&gt;&gt;</a>&nbsp;&nbsp;&nbsp;__main_after_scatterload
</UL>
<BR>[Called By]<UL><LI><a href="#[51]">&gt;&gt;</a>&nbsp;&nbsp;&nbsp;_main_scatterload
</UL>

<P><STRONG><a name="[b3]"></a>__scatterload_rt2</STRONG> (Thumb, 0 bytes, Stack size 0 bytes, init.o(.text), UNUSED)

<P><STRONG><a name="[1c]"></a>ADC1_2_IRQHandler</STRONG> (Thumb, 2 bytes, Stack size 0 bytes, stm32f10x_it.o(i.ADC1_2_IRQHandler))
<BR>[Address Reference Count : 1]<UL><LI> stm32f10x_vector.o(RESET)
</UL>
<P><STRONG><a name="[39]"></a>ADC3_IRQHandler</STRONG> (Thumb, 2 bytes, Stack size 0 bytes, stm32f10x_it.o(i.ADC3_IRQHandler))
<BR>[Address Reference Count : 1]<UL><LI> stm32f10x_vector.o(RESET)
</UL>
<P><STRONG><a name="[59]"></a>BspClose</STRONG> (Thumb, 18 bytes, Stack size 8 bytes, bsp.o(i.BspClose))
<BR><BR>[Stack]<UL><LI>Max Depth = 40<LI>Call Chain = BspClose &rArr; BspUsart1Close &rArr; USART_ITConfig
</UL>
<BR>[Calls]<UL><LI><a href="#[5c]">&gt;&gt;</a>&nbsp;&nbsp;&nbsp;BspUsart1Close
<LI><a href="#[5a]">&gt;&gt;</a>&nbsp;&nbsp;&nbsp;BspTim2Close
<LI><a href="#[5b]">&gt;&gt;</a>&nbsp;&nbsp;&nbsp;BspTim3Close
</UL>
<BR>[Called By]<UL><LI><a href="#[57]">&gt;&gt;</a>&nbsp;&nbsp;&nbsp;JumpToApp
</UL>

<P><STRONG><a name="[5d]"></a>BspInit</STRONG> (Thumb, 34 bytes, Stack size 8 bytes, bsp.o(i.BspInit))
<BR><BR>[Stack]<UL><LI>Max Depth = 100<LI>Call Chain = BspInit &rArr; BspUsart1Init &rArr; USART_Init &rArr; RCC_GetClocksFreq
</UL>
<BR>[Calls]<UL><LI><a href="#[64]">&gt;&gt;</a>&nbsp;&nbsp;&nbsp;BspUsart1Init
<LI><a href="#[63]">&gt;&gt;</a>&nbsp;&nbsp;&nbsp;BspTim3Init
<LI><a href="#[62]">&gt;&gt;</a>&nbsp;&nbsp;&nbsp;BspTim2Init
<LI><a href="#[5e]">&gt;&gt;</a>&nbsp;&nbsp;&nbsp;RCC_Configuration
<LI><a href="#[5f]">&gt;&gt;</a>&nbsp;&nbsp;&nbsp;NVIC_Configuration
<LI><a href="#[61]">&gt;&gt;</a>&nbsp;&nbsp;&nbsp;LedInit
<LI><a href="#[60]">&gt;&gt;</a>&nbsp;&nbsp;&nbsp;GPIO_Configuration
</UL>
<BR>[Called By]<UL><LI><a href="#[46]">&gt;&gt;</a>&nbsp;&nbsp;&nbsp;main
</UL>

<P><STRONG><a name="[5a]"></a>BspTim2Close</STRONG> (Thumb, 26 bytes, Stack size 8 bytes, bsptime2.o(i.BspTim2Close))
<BR><BR>[Stack]<UL><LI>Max Depth = 8<LI>Call Chain = BspTim2Close
</UL>
<BR>[Calls]<UL><LI><a href="#[65]">&gt;&gt;</a>&nbsp;&nbsp;&nbsp;TIM_ITConfig
<LI><a href="#[66]">&gt;&gt;</a>&nbsp;&nbsp;&nbsp;TIM_Cmd
</UL>
<BR>[Called By]<UL><LI><a href="#[59]">&gt;&gt;</a>&nbsp;&nbsp;&nbsp;BspClose
</UL>

<P><STRONG><a name="[62]"></a>BspTim2Init</STRONG> (Thumb, 108 bytes, Stack size 32 bytes, bsptime2.o(i.BspTim2Init))
<BR><BR>[Stack]<UL><LI>Max Depth = 52<LI>Call Chain = BspTim2Init &rArr; NVIC_Init
</UL>
<BR>[Calls]<UL><LI><a href="#[69]">&gt;&gt;</a>&nbsp;&nbsp;&nbsp;TIM_TimeBaseInit
<LI><a href="#[6b]">&gt;&gt;</a>&nbsp;&nbsp;&nbsp;TIM_SetCounter
<LI><a href="#[65]">&gt;&gt;</a>&nbsp;&nbsp;&nbsp;TIM_ITConfig
<LI><a href="#[68]">&gt;&gt;</a>&nbsp;&nbsp;&nbsp;TIM_DeInit
<LI><a href="#[66]">&gt;&gt;</a>&nbsp;&nbsp;&nbsp;TIM_Cmd
<LI><a href="#[67]">&gt;&gt;</a>&nbsp;&nbsp;&nbsp;RCC_APB1PeriphClockCmd
<LI><a href="#[6a]">&gt;&gt;</a>&nbsp;&nbsp;&nbsp;NVIC_Init
</UL>
<BR>[Called By]<UL><LI><a href="#[5d]">&gt;&gt;</a>&nbsp;&nbsp;&nbsp;BspInit
</UL>

<P><STRONG><a name="[5b]"></a>BspTim3Close</STRONG> (Thumb, 34 bytes, Stack size 8 bytes, bsptime3.o(i.BspTim3Close))
<BR><BR>[Stack]<UL><LI>Max Depth = 8<LI>Call Chain = BspTim3Close
</UL>
<BR>[Calls]<UL><LI><a href="#[6b]">&gt;&gt;</a>&nbsp;&nbsp;&nbsp;TIM_SetCounter
<LI><a href="#[65]">&gt;&gt;</a>&nbsp;&nbsp;&nbsp;TIM_ITConfig
<LI><a href="#[66]">&gt;&gt;</a>&nbsp;&nbsp;&nbsp;TIM_Cmd
</UL>
<BR>[Called By]<UL><LI><a href="#[59]">&gt;&gt;</a>&nbsp;&nbsp;&nbsp;BspClose
<LI><a href="#[4c]">&gt;&gt;</a>&nbsp;&nbsp;&nbsp;TimEndHandle
</UL>

<P><STRONG><a name="[63]"></a>BspTim3Init</STRONG> (Thumb, 112 bytes, Stack size 32 bytes, bsptime3.o(i.BspTim3Init))
<BR><BR>[Stack]<UL><LI>Max Depth = 52<LI>Call Chain = BspTim3Init &rArr; NVIC_Init
</UL>
<BR>[Calls]<UL><LI><a href="#[69]">&gt;&gt;</a>&nbsp;&nbsp;&nbsp;TIM_TimeBaseInit
<LI><a href="#[6b]">&gt;&gt;</a>&nbsp;&nbsp;&nbsp;TIM_SetCounter
<LI><a href="#[65]">&gt;&gt;</a>&nbsp;&nbsp;&nbsp;TIM_ITConfig
<LI><a href="#[68]">&gt;&gt;</a>&nbsp;&nbsp;&nbsp;TIM_DeInit
<LI><a href="#[66]">&gt;&gt;</a>&nbsp;&nbsp;&nbsp;TIM_Cmd
<LI><a href="#[6c]">&gt;&gt;</a>&nbsp;&nbsp;&nbsp;TIM_ClearITPendingBit
<LI><a href="#[67]">&gt;&gt;</a>&nbsp;&nbsp;&nbsp;RCC_APB1PeriphClockCmd
<LI><a href="#[6a]">&gt;&gt;</a>&nbsp;&nbsp;&nbsp;NVIC_Init
</UL>
<BR>[Called By]<UL><LI><a href="#[5d]">&gt;&gt;</a>&nbsp;&nbsp;&nbsp;BspInit
</UL>

<P><STRONG><a name="[6d]"></a>BspTim3Open</STRONG> (Thumb, 34 bytes, Stack size 8 bytes, bsptime3.o(i.BspTim3Open))
<BR><BR>[Stack]<UL><LI>Max Depth = 8<LI>Call Chain = BspTim3Open
</UL>
<BR>[Calls]<UL><LI><a href="#[6b]">&gt;&gt;</a>&nbsp;&nbsp;&nbsp;TIM_SetCounter
<LI><a href="#[65]">&gt;&gt;</a>&nbsp;&nbsp;&nbsp;TIM_ITConfig
<LI><a href="#[66]">&gt;&gt;</a>&nbsp;&nbsp;&nbsp;TIM_Cmd
</UL>
<BR>[Called By]<UL><LI><a href="#[4d]">&gt;&gt;</a>&nbsp;&nbsp;&nbsp;ReceOneChar
</UL>

<P><STRONG><a name="[7a]"></a>BspTim3SetIRQCallBack</STRONG> (Thumb, 6 bytes, Stack size 0 bytes, bsptime3.o(i.BspTim3SetIRQCallBack))
<BR><BR>[Called By]<UL><LI><a href="#[79]">&gt;&gt;</a>&nbsp;&nbsp;&nbsp;CommonInit
</UL>

<P><STRONG><a name="[5c]"></a>BspUsart1Close</STRONG> (Thumb, 92 bytes, Stack size 24 bytes, bspusart1.o(i.BspUsart1Close))
<BR><BR>[Stack]<UL><LI>Max Depth = 32<LI>Call Chain = BspUsart1Close &rArr; USART_ITConfig
</UL>
<BR>[Calls]<UL><LI><a href="#[6f]">&gt;&gt;</a>&nbsp;&nbsp;&nbsp;USART_ITConfig
<LI><a href="#[6e]">&gt;&gt;</a>&nbsp;&nbsp;&nbsp;USART_Cmd
<LI><a href="#[70]">&gt;&gt;</a>&nbsp;&nbsp;&nbsp;USART_ClearITPendingBit
</UL>
<BR>[Called By]<UL><LI><a href="#[59]">&gt;&gt;</a>&nbsp;&nbsp;&nbsp;BspClose
</UL>

<P><STRONG><a name="[7b]"></a>BspUsart1IRQCallBack</STRONG> (Thumb, 6 bytes, Stack size 0 bytes, bspusart1.o(i.BspUsart1IRQCallBack))
<BR><BR>[Called By]<UL><LI><a href="#[79]">&gt;&gt;</a>&nbsp;&nbsp;&nbsp;CommonInit
</UL>

<P><STRONG><a name="[64]"></a>BspUsart1Init</STRONG> (Thumb, 174 bytes, Stack size 48 bytes, bspusart1.o(i.BspUsart1Init))
<BR><BR>[Stack]<UL><LI>Max Depth = 92<LI>Call Chain = BspUsart1Init &rArr; USART_Init &rArr; RCC_GetClocksFreq
</UL>
<BR>[Calls]<UL><LI><a href="#[73]">&gt;&gt;</a>&nbsp;&nbsp;&nbsp;USART_StructInit
<LI><a href="#[74]">&gt;&gt;</a>&nbsp;&nbsp;&nbsp;USART_Init
<LI><a href="#[6f]">&gt;&gt;</a>&nbsp;&nbsp;&nbsp;USART_ITConfig
<LI><a href="#[72]">&gt;&gt;</a>&nbsp;&nbsp;&nbsp;USART_DeInit
<LI><a href="#[6e]">&gt;&gt;</a>&nbsp;&nbsp;&nbsp;USART_Cmd
<LI><a href="#[6a]">&gt;&gt;</a>&nbsp;&nbsp;&nbsp;NVIC_Init
<LI><a href="#[71]">&gt;&gt;</a>&nbsp;&nbsp;&nbsp;RCC_APB2PeriphClockCmd
<LI><a href="#[75]">&gt;&gt;</a>&nbsp;&nbsp;&nbsp;GPIO_Init
</UL>
<BR>[Called By]<UL><LI><a href="#[5d]">&gt;&gt;</a>&nbsp;&nbsp;&nbsp;BspInit
</UL>

<P><STRONG><a name="[76]"></a>BspUsart1Send</STRONG> (Thumb, 84 bytes, Stack size 24 bytes, bspusart1.o(i.BspUsart1Send))
<BR><BR>[Stack]<UL><LI>Max Depth = 32<LI>Call Chain = BspUsart1Send &rArr; USART_ITConfig
</UL>
<BR>[Calls]<UL><LI><a href="#[77]">&gt;&gt;</a>&nbsp;&nbsp;&nbsp;USART_SendData
<LI><a href="#[6f]">&gt;&gt;</a>&nbsp;&nbsp;&nbsp;USART_ITConfig
<LI><a href="#[78]">&gt;&gt;</a>&nbsp;&nbsp;&nbsp;__aeabi_memcpy
</UL>
<BR>[Called By]<UL><LI><a href="#[a1]">&gt;&gt;</a>&nbsp;&nbsp;&nbsp;YmodemSendChar
<LI><a href="#[58]">&gt;&gt;</a>&nbsp;&nbsp;&nbsp;Print
</UL>

<P><STRONG><a name="[4]"></a>BusFaultException</STRONG> (Thumb, 2 bytes, Stack size 0 bytes, stm32f10x_it.o(i.BusFaultException))
<BR><BR>[Calls]<UL><LI><a href="#[4]">&gt;&gt;</a>&nbsp;&nbsp;&nbsp;BusFaultException
</UL>
<BR>[Called By]<UL><LI><a href="#[4]">&gt;&gt;</a>&nbsp;&nbsp;&nbsp;BusFaultException
</UL>
<BR>[Address Reference Count : 1]<UL><LI> stm32f10x_vector.o(RESET)
</UL>
<P><STRONG><a name="[b4]"></a>BusFault_Handler</STRONG> (Thumb, 0 bytes, Stack size 0 bytes, stm32f10x_it.o(i.BusFaultException), UNUSED)

<P><STRONG><a name="[1f]"></a>CAN_RX1_IRQHandler</STRONG> (Thumb, 2 bytes, Stack size 0 bytes, stm32f10x_it.o(i.CAN_RX1_IRQHandler))
<BR>[Address Reference Count : 1]<UL><LI> stm32f10x_vector.o(RESET)
</UL>
<P><STRONG><a name="[20]"></a>CAN_SCE_IRQHandler</STRONG> (Thumb, 2 bytes, Stack size 0 bytes, stm32f10x_it.o(i.CAN_SCE_IRQHandler))
<BR>[Address Reference Count : 1]<UL><LI> stm32f10x_vector.o(RESET)
</UL>
<P><STRONG><a name="[a2]"></a>CommonExec</STRONG> (Thumb, 50 bytes, Stack size 0 bytes, common.o(i.CommonExec))
<BR><BR>[Called By]<UL><LI><a href="#[46]">&gt;&gt;</a>&nbsp;&nbsp;&nbsp;main
</UL>

<P><STRONG><a name="[79]"></a>CommonInit</STRONG> (Thumb, 18 bytes, Stack size 8 bytes, common.o(i.CommonInit))
<BR><BR>[Stack]<UL><LI>Max Depth = 8<LI>Call Chain = CommonInit
</UL>
<BR>[Calls]<UL><LI><a href="#[7b]">&gt;&gt;</a>&nbsp;&nbsp;&nbsp;BspUsart1IRQCallBack
<LI><a href="#[7a]">&gt;&gt;</a>&nbsp;&nbsp;&nbsp;BspTim3SetIRQCallBack
</UL>
<BR>[Called By]<UL><LI><a href="#[46]">&gt;&gt;</a>&nbsp;&nbsp;&nbsp;main
</UL>

<P><STRONG><a name="[15]"></a>DMA1_Channel1_IRQHandler</STRONG> (Thumb, 2 bytes, Stack size 0 bytes, stm32f10x_it.o(i.DMA1_Channel1_IRQHandler))
<BR>[Address Reference Count : 1]<UL><LI> stm32f10x_vector.o(RESET)
</UL>
<P><STRONG><a name="[16]"></a>DMA1_Channel2_IRQHandler</STRONG> (Thumb, 2 bytes, Stack size 0 bytes, stm32f10x_it.o(i.DMA1_Channel2_IRQHandler))
<BR>[Address Reference Count : 1]<UL><LI> stm32f10x_vector.o(RESET)
</UL>
<P><STRONG><a name="[17]"></a>DMA1_Channel3_IRQHandler</STRONG> (Thumb, 2 bytes, Stack size 0 bytes, stm32f10x_it.o(i.DMA1_Channel3_IRQHandler))
<BR>[Address Reference Count : 1]<UL><LI> stm32f10x_vector.o(RESET)
</UL>
<P><STRONG><a name="[18]"></a>DMA1_Channel4_IRQHandler</STRONG> (Thumb, 2 bytes, Stack size 0 bytes, stm32f10x_it.o(i.DMA1_Channel4_IRQHandler))
<BR>[Address Reference Count : 1]<UL><LI> stm32f10x_vector.o(RESET)
</UL>
<P><STRONG><a name="[19]"></a>DMA1_Channel5_IRQHandler</STRONG> (Thumb, 2 bytes, Stack size 0 bytes, stm32f10x_it.o(i.DMA1_Channel5_IRQHandler))
<BR>[Address Reference Count : 1]<UL><LI> stm32f10x_vector.o(RESET)
</UL>
<P><STRONG><a name="[1a]"></a>DMA1_Channel6_IRQHandler</STRONG> (Thumb, 2 bytes, Stack size 0 bytes, stm32f10x_it.o(i.DMA1_Channel6_IRQHandler))
<BR>[Address Reference Count : 1]<UL><LI> stm32f10x_vector.o(RESET)
</UL>
<P><STRONG><a name="[1b]"></a>DMA1_Channel7_IRQHandler</STRONG> (Thumb, 2 bytes, Stack size 0 bytes, stm32f10x_it.o(i.DMA1_Channel7_IRQHandler))
<BR>[Address Reference Count : 1]<UL><LI> stm32f10x_vector.o(RESET)
</UL>
<P><STRONG><a name="[42]"></a>DMA2_Channel1_IRQHandler</STRONG> (Thumb, 2 bytes, Stack size 0 bytes, stm32f10x_it.o(i.DMA2_Channel1_IRQHandler))
<BR>[Address Reference Count : 1]<UL><LI> stm32f10x_vector.o(RESET)
</UL>
<P><STRONG><a name="[43]"></a>DMA2_Channel2_IRQHandler</STRONG> (Thumb, 2 bytes, Stack size 0 bytes, stm32f10x_it.o(i.DMA2_Channel2_IRQHandler))
<BR>[Address Reference Count : 1]<UL><LI> stm32f10x_vector.o(RESET)
</UL>
<P><STRONG><a name="[44]"></a>DMA2_Channel3_IRQHandler</STRONG> (Thumb, 2 bytes, Stack size 0 bytes, stm32f10x_it.o(i.DMA2_Channel3_IRQHandler))
<BR>[Address Reference Count : 1]<UL><LI> stm32f10x_vector.o(RESET)
</UL>
<P><STRONG><a name="[45]"></a>DMA2_Channel4_5_IRQHandler</STRONG> (Thumb, 2 bytes, Stack size 0 bytes, stm32f10x_it.o(i.DMA2_Channel4_5_IRQHandler))
<BR>[Address Reference Count : 1]<UL><LI> stm32f10x_vector.o(RESET)
</UL>
<P><STRONG><a name="[b5]"></a>DebugMon_Handler</STRONG> (Thumb, 0 bytes, Stack size 0 bytes, stm32f10x_it.o(i.DebugMonitor), UNUSED)

<P><STRONG><a name="[7]"></a>DebugMonitor</STRONG> (Thumb, 2 bytes, Stack size 0 bytes, stm32f10x_it.o(i.DebugMonitor))
<BR>[Address Reference Count : 1]<UL><LI> stm32f10x_vector.o(RESET)
</UL>
<P><STRONG><a name="[10]"></a>EXTI0_IRQHandler</STRONG> (Thumb, 2 bytes, Stack size 0 bytes, stm32f10x_it.o(i.EXTI0_IRQHandler))
<BR>[Address Reference Count : 1]<UL><LI> stm32f10x_vector.o(RESET)
</UL>
<P><STRONG><a name="[32]"></a>EXTI15_10_IRQHandler</STRONG> (Thumb, 2 bytes, Stack size 0 bytes, stm32f10x_it.o(i.EXTI15_10_IRQHandler))
<BR>[Address Reference Count : 1]<UL><LI> stm32f10x_vector.o(RESET)
</UL>
<P><STRONG><a name="[11]"></a>EXTI1_IRQHandler</STRONG> (Thumb, 2 bytes, Stack size 0 bytes, stm32f10x_it.o(i.EXTI1_IRQHandler))
<BR>[Address Reference Count : 1]<UL><LI> stm32f10x_vector.o(RESET)
</UL>
<P><STRONG><a name="[12]"></a>EXTI2_IRQHandler</STRONG> (Thumb, 2 bytes, Stack size 0 bytes, stm32f10x_it.o(i.EXTI2_IRQHandler))
<BR>[Address Reference Count : 1]<UL><LI> stm32f10x_vector.o(RESET)
</UL>
<P><STRONG><a name="[13]"></a>EXTI3_IRQHandler</STRONG> (Thumb, 2 bytes, Stack size 0 bytes, stm32f10x_it.o(i.EXTI3_IRQHandler))
<BR>[Address Reference Count : 1]<UL><LI> stm32f10x_vector.o(RESET)
</UL>
<P><STRONG><a name="[14]"></a>EXTI4_IRQHandler</STRONG> (Thumb, 2 bytes, Stack size 0 bytes, stm32f10x_it.o(i.EXTI4_IRQHandler))
<BR>[Address Reference Count : 1]<UL><LI> stm32f10x_vector.o(RESET)
</UL>
<P><STRONG><a name="[21]"></a>EXTI9_5_IRQHandler</STRONG> (Thumb, 2 bytes, Stack size 0 bytes, stm32f10x_it.o(i.EXTI9_5_IRQHandler))
<BR>[Address Reference Count : 1]<UL><LI> stm32f10x_vector.o(RESET)
</UL>
<P><STRONG><a name="[7e]"></a>FLASH_ErasePage</STRONG> (Thumb, 60 bytes, Stack size 16 bytes, stm32f10x_flash.o(i.FLASH_ErasePage))
<BR><BR>[Stack]<UL><LI>Max Depth = 28<LI>Call Chain = FLASH_ErasePage &rArr; FLASH_WaitForLastOperation
</UL>
<BR>[Calls]<UL><LI><a href="#[7f]">&gt;&gt;</a>&nbsp;&nbsp;&nbsp;FLASH_WaitForLastOperation
</UL>
<BR>[Called By]<UL><LI><a href="#[4f]">&gt;&gt;</a>&nbsp;&nbsp;&nbsp;FLASH_WriteBank
<LI><a href="#[4e]">&gt;&gt;</a>&nbsp;&nbsp;&nbsp;FLASH_ProgramStart
</UL>

<P><STRONG><a name="[84]"></a>FLASH_GetStatus</STRONG> (Thumb, 34 bytes, Stack size 0 bytes, stm32f10x_flash.o(i.FLASH_GetStatus))
<BR><BR>[Called By]<UL><LI><a href="#[7f]">&gt;&gt;</a>&nbsp;&nbsp;&nbsp;FLASH_WaitForLastOperation
</UL>

<P><STRONG><a name="[e]"></a>FLASH_IRQHandler</STRONG> (Thumb, 2 bytes, Stack size 0 bytes, stm32f10x_it.o(i.FLASH_IRQHandler))
<BR>[Address Reference Count : 1]<UL><LI> stm32f10x_vector.o(RESET)
</UL>
<P><STRONG><a name="[80]"></a>FLASH_Lock</STRONG> (Thumb, 12 bytes, Stack size 0 bytes, stm32f10x_flash.o(i.FLASH_Lock))
<BR><BR>[Called By]<UL><LI><a href="#[50]">&gt;&gt;</a>&nbsp;&nbsp;&nbsp;FLASH_ProgramDone
</UL>

<P><STRONG><a name="[8e]"></a>FLASH_PrefetchBufferCmd</STRONG> (Thumb, 18 bytes, Stack size 0 bytes, stm32f10x_flash.o(i.FLASH_PrefetchBufferCmd))
<BR><BR>[Called By]<UL><LI><a href="#[5e]">&gt;&gt;</a>&nbsp;&nbsp;&nbsp;RCC_Configuration
</UL>

<P><STRONG><a name="[50]"></a>FLASH_ProgramDone</STRONG> (Thumb, 4 bytes, Stack size 0 bytes, download.o(i.FLASH_ProgramDone))
<BR><BR>[Calls]<UL><LI><a href="#[80]">&gt;&gt;</a>&nbsp;&nbsp;&nbsp;FLASH_Lock
</UL>
<BR>[Address Reference Count : 1]<UL><LI> common.o(i.InputSelect)
</UL>
<P><STRONG><a name="[81]"></a>FLASH_ProgramHalfWord</STRONG> (Thumb, 50 bytes, Stack size 16 bytes, stm32f10x_flash.o(i.FLASH_ProgramHalfWord))
<BR><BR>[Stack]<UL><LI>Max Depth = 28<LI>Call Chain = FLASH_ProgramHalfWord &rArr; FLASH_WaitForLastOperation
</UL>
<BR>[Calls]<UL><LI><a href="#[7f]">&gt;&gt;</a>&nbsp;&nbsp;&nbsp;FLASH_WaitForLastOperation
</UL>
<BR>[Called By]<UL><LI><a href="#[4f]">&gt;&gt;</a>&nbsp;&nbsp;&nbsp;FLASH_WriteBank
</UL>

<P><STRONG><a name="[4e]"></a>FLASH_ProgramStart</STRONG> (Thumb, 54 bytes, Stack size 24 bytes, download.o(i.FLASH_ProgramStart))
<BR><BR>[Stack]<UL><LI>Max Depth = 52<LI>Call Chain = FLASH_ProgramStart &rArr; FLASH_ErasePage &rArr; FLASH_WaitForLastOperation
</UL>
<BR>[Calls]<UL><LI><a href="#[7e]">&gt;&gt;</a>&nbsp;&nbsp;&nbsp;FLASH_ErasePage
<LI><a href="#[83]">&gt;&gt;</a>&nbsp;&nbsp;&nbsp;FLASH_PagesMask
<LI><a href="#[82]">&gt;&gt;</a>&nbsp;&nbsp;&nbsp;FLASH_Unlock
</UL>
<BR>[Address Reference Count : 1]<UL><LI> common.o(i.InputSelect)
</UL>
<P><STRONG><a name="[8f]"></a>FLASH_SetLatency</STRONG> (Thumb, 18 bytes, Stack size 0 bytes, stm32f10x_flash.o(i.FLASH_SetLatency))
<BR><BR>[Called By]<UL><LI><a href="#[5e]">&gt;&gt;</a>&nbsp;&nbsp;&nbsp;RCC_Configuration
</UL>

<P><STRONG><a name="[82]"></a>FLASH_Unlock</STRONG> (Thumb, 12 bytes, Stack size 0 bytes, stm32f10x_flash.o(i.FLASH_Unlock))
<BR><BR>[Called By]<UL><LI><a href="#[4e]">&gt;&gt;</a>&nbsp;&nbsp;&nbsp;FLASH_ProgramStart
<LI><a href="#[46]">&gt;&gt;</a>&nbsp;&nbsp;&nbsp;main
</UL>

<P><STRONG><a name="[7f]"></a>FLASH_WaitForLastOperation</STRONG> (Thumb, 46 bytes, Stack size 12 bytes, stm32f10x_flash.o(i.FLASH_WaitForLastOperation))
<BR><BR>[Stack]<UL><LI>Max Depth = 12<LI>Call Chain = FLASH_WaitForLastOperation
</UL>
<BR>[Calls]<UL><LI><a href="#[84]">&gt;&gt;</a>&nbsp;&nbsp;&nbsp;FLASH_GetStatus
</UL>
<BR>[Called By]<UL><LI><a href="#[81]">&gt;&gt;</a>&nbsp;&nbsp;&nbsp;FLASH_ProgramHalfWord
<LI><a href="#[7e]">&gt;&gt;</a>&nbsp;&nbsp;&nbsp;FLASH_ErasePage
</UL>

<P><STRONG><a name="[4f]"></a>FLASH_WriteBank</STRONG> (Thumb, 108 bytes, Stack size 32 bytes, download.o(i.FLASH_WriteBank))
<BR><BR>[Stack]<UL><LI>Max Depth = 60<LI>Call Chain = FLASH_WriteBank &rArr; FLASH_ProgramHalfWord &rArr; FLASH_WaitForLastOperation
</UL>
<BR>[Calls]<UL><LI><a href="#[81]">&gt;&gt;</a>&nbsp;&nbsp;&nbsp;FLASH_ProgramHalfWord
<LI><a href="#[7e]">&gt;&gt;</a>&nbsp;&nbsp;&nbsp;FLASH_ErasePage
<LI><a href="#[83]">&gt;&gt;</a>&nbsp;&nbsp;&nbsp;FLASH_PagesMask
</UL>
<BR>[Address Reference Count : 1]<UL><LI> common.o(i.InputSelect)
</UL>
<P><STRONG><a name="[3a]"></a>FSMC_IRQHandler</STRONG> (Thumb, 2 bytes, Stack size 0 bytes, stm32f10x_it.o(i.FSMC_IRQHandler))
<BR>[Address Reference Count : 1]<UL><LI> stm32f10x_vector.o(RESET)
</UL>
<P><STRONG><a name="[60]"></a>GPIO_Configuration</STRONG> (Thumb, 74 bytes, Stack size 8 bytes, bsp.o(i.GPIO_Configuration))
<BR><BR>[Stack]<UL><LI>Max Depth = 28<LI>Call Chain = GPIO_Configuration &rArr; GPIO_Init
</UL>
<BR>[Calls]<UL><LI><a href="#[71]">&gt;&gt;</a>&nbsp;&nbsp;&nbsp;RCC_APB2PeriphClockCmd
<LI><a href="#[75]">&gt;&gt;</a>&nbsp;&nbsp;&nbsp;GPIO_Init
</UL>
<BR>[Called By]<UL><LI><a href="#[5d]">&gt;&gt;</a>&nbsp;&nbsp;&nbsp;BspInit
</UL>

<P><STRONG><a name="[75]"></a>GPIO_Init</STRONG> (Thumb, 150 bytes, Stack size 20 bytes, stm32f10x_gpio.o(i.GPIO_Init))
<BR><BR>[Stack]<UL><LI>Max Depth = 20<LI>Call Chain = GPIO_Init
</UL>
<BR>[Called By]<UL><LI><a href="#[64]">&gt;&gt;</a>&nbsp;&nbsp;&nbsp;BspUsart1Init
<LI><a href="#[61]">&gt;&gt;</a>&nbsp;&nbsp;&nbsp;LedInit
<LI><a href="#[60]">&gt;&gt;</a>&nbsp;&nbsp;&nbsp;GPIO_Configuration
</UL>

<P><STRONG><a name="[87]"></a>GPIO_ResetBits</STRONG> (Thumb, 4 bytes, Stack size 0 bytes, stm32f10x_gpio.o(i.GPIO_ResetBits))
<BR><BR>[Called By]<UL><LI><a href="#[86]">&gt;&gt;</a>&nbsp;&nbsp;&nbsp;LedOff
</UL>

<P><STRONG><a name="[2]"></a>HardFaultException</STRONG> (Thumb, 2 bytes, Stack size 0 bytes, stm32f10x_it.o(i.HardFaultException))
<BR><BR>[Calls]<UL><LI><a href="#[2]">&gt;&gt;</a>&nbsp;&nbsp;&nbsp;HardFaultException
</UL>
<BR>[Called By]<UL><LI><a href="#[2]">&gt;&gt;</a>&nbsp;&nbsp;&nbsp;HardFaultException
</UL>
<BR>[Address Reference Count : 1]<UL><LI> stm32f10x_vector.o(RESET)
</UL>
<P><STRONG><a name="[b6]"></a>HardFault_Handler</STRONG> (Thumb, 0 bytes, Stack size 0 bytes, stm32f10x_it.o(i.HardFaultException), UNUSED)

<P><STRONG><a name="[2a]"></a>I2C1_ER_IRQHandler</STRONG> (Thumb, 2 bytes, Stack size 0 bytes, stm32f10x_it.o(i.I2C1_ER_IRQHandler))
<BR>[Address Reference Count : 1]<UL><LI> stm32f10x_vector.o(RESET)
</UL>
<P><STRONG><a name="[29]"></a>I2C1_EV_IRQHandler</STRONG> (Thumb, 2 bytes, Stack size 0 bytes, stm32f10x_it.o(i.I2C1_EV_IRQHandler))
<BR>[Address Reference Count : 1]<UL><LI> stm32f10x_vector.o(RESET)
</UL>
<P><STRONG><a name="[2c]"></a>I2C2_ER_IRQHandler</STRONG> (Thumb, 2 bytes, Stack size 0 bytes, stm32f10x_it.o(i.I2C2_ER_IRQHandler))
<BR>[Address Reference Count : 1]<UL><LI> stm32f10x_vector.o(RESET)
</UL>
<P><STRONG><a name="[2b]"></a>I2C2_EV_IRQHandler</STRONG> (Thumb, 2 bytes, Stack size 0 bytes, stm32f10x_it.o(i.I2C2_EV_IRQHandler))
<BR>[Address Reference Count : 1]<UL><LI> stm32f10x_vector.o(RESET)
</UL>
<P><STRONG><a name="[57]"></a>JumpToApp</STRONG> (Thumb, 44 bytes, Stack size 16 bytes, common.o(i.JumpToApp))
<BR><BR>[Stack]<UL><LI>Max Depth = 56<LI>Call Chain = JumpToApp &rArr; BspClose &rArr; BspUsart1Close &rArr; USART_ITConfig
</UL>
<BR>[Calls]<UL><LI><a href="#[85]">&gt;&gt;</a>&nbsp;&nbsp;&nbsp;__set_MSP
<LI><a href="#[59]">&gt;&gt;</a>&nbsp;&nbsp;&nbsp;BspClose
</UL>
<BR>[Called By]<UL><LI><a href="#[48]">&gt;&gt;</a>&nbsp;&nbsp;&nbsp;AppChoose
</UL>

<P><STRONG><a name="[61]"></a>LedInit</STRONG> (Thumb, 62 bytes, Stack size 16 bytes, bsp.o(i.LedInit))
<BR><BR>[Stack]<UL><LI>Max Depth = 36<LI>Call Chain = LedInit &rArr; GPIO_Init
</UL>
<BR>[Calls]<UL><LI><a href="#[71]">&gt;&gt;</a>&nbsp;&nbsp;&nbsp;RCC_APB2PeriphClockCmd
<LI><a href="#[75]">&gt;&gt;</a>&nbsp;&nbsp;&nbsp;GPIO_Init
</UL>
<BR>[Called By]<UL><LI><a href="#[5d]">&gt;&gt;</a>&nbsp;&nbsp;&nbsp;BspInit
</UL>

<P><STRONG><a name="[86]"></a>LedOff</STRONG> (Thumb, 56 bytes, Stack size 0 bytes, bsp.o(i.LedOff))
<BR><BR>[Calls]<UL><LI><a href="#[87]">&gt;&gt;</a>&nbsp;&nbsp;&nbsp;GPIO_ResetBits
</UL>
<BR>[Called By]<UL><LI><a href="#[46]">&gt;&gt;</a>&nbsp;&nbsp;&nbsp;main
</UL>

<P><STRONG><a name="[3]"></a>MemManageException</STRONG> (Thumb, 2 bytes, Stack size 0 bytes, stm32f10x_it.o(i.MemManageException))
<BR><BR>[Calls]<UL><LI><a href="#[3]">&gt;&gt;</a>&nbsp;&nbsp;&nbsp;MemManageException
</UL>
<BR>[Called By]<UL><LI><a href="#[3]">&gt;&gt;</a>&nbsp;&nbsp;&nbsp;MemManageException
</UL>
<BR>[Address Reference Count : 1]<UL><LI> stm32f10x_vector.o(RESET)
</UL>
<P><STRONG><a name="[b7]"></a>MemManage_Handler</STRONG> (Thumb, 0 bytes, Stack size 0 bytes, stm32f10x_it.o(i.MemManageException), UNUSED)

<P><STRONG><a name="[1]"></a>NMIException</STRONG> (Thumb, 2 bytes, Stack size 0 bytes, stm32f10x_it.o(i.NMIException))
<BR>[Address Reference Count : 1]<UL><LI> stm32f10x_vector.o(RESET)
</UL>
<P><STRONG><a name="[b8]"></a>NMI_Handler</STRONG> (Thumb, 0 bytes, Stack size 0 bytes, stm32f10x_it.o(i.NMIException), UNUSED)

<P><STRONG><a name="[5f]"></a>NVIC_Configuration</STRONG> (Thumb, 24 bytes, Stack size 8 bytes, bsp.o(i.NVIC_Configuration))
<BR><BR>[Stack]<UL><LI>Max Depth = 8<LI>Call Chain = NVIC_Configuration
</UL>
<BR>[Calls]<UL><LI><a href="#[88]">&gt;&gt;</a>&nbsp;&nbsp;&nbsp;NVIC_SetVectorTable
<LI><a href="#[89]">&gt;&gt;</a>&nbsp;&nbsp;&nbsp;NVIC_PriorityGroupConfig
</UL>
<BR>[Called By]<UL><LI><a href="#[5d]">&gt;&gt;</a>&nbsp;&nbsp;&nbsp;BspInit
</UL>

<P><STRONG><a name="[6a]"></a>NVIC_Init</STRONG> (Thumb, 114 bytes, Stack size 20 bytes, stm32f10x_nvic.o(i.NVIC_Init))
<BR><BR>[Stack]<UL><LI>Max Depth = 20<LI>Call Chain = NVIC_Init
</UL>
<BR>[Called By]<UL><LI><a href="#[64]">&gt;&gt;</a>&nbsp;&nbsp;&nbsp;BspUsart1Init
<LI><a href="#[63]">&gt;&gt;</a>&nbsp;&nbsp;&nbsp;BspTim3Init
<LI><a href="#[62]">&gt;&gt;</a>&nbsp;&nbsp;&nbsp;BspTim2Init
</UL>

<P><STRONG><a name="[89]"></a>NVIC_PriorityGroupConfig</STRONG> (Thumb, 10 bytes, Stack size 0 bytes, stm32f10x_nvic.o(i.NVIC_PriorityGroupConfig))
<BR><BR>[Called By]<UL><LI><a href="#[5f]">&gt;&gt;</a>&nbsp;&nbsp;&nbsp;NVIC_Configuration
</UL>

<P><STRONG><a name="[88]"></a>NVIC_SetVectorTable</STRONG> (Thumb, 12 bytes, Stack size 0 bytes, stm32f10x_nvic.o(i.NVIC_SetVectorTable))
<BR><BR>[Called By]<UL><LI><a href="#[5f]">&gt;&gt;</a>&nbsp;&nbsp;&nbsp;NVIC_Configuration
</UL>

<P><STRONG><a name="[b]"></a>PVD_IRQHandler</STRONG> (Thumb, 2 bytes, Stack size 0 bytes, stm32f10x_it.o(i.PVD_IRQHandler))
<BR>[Address Reference Count : 1]<UL><LI> stm32f10x_vector.o(RESET)
</UL>
<P><STRONG><a name="[8]"></a>PendSVC</STRONG> (Thumb, 2 bytes, Stack size 0 bytes, stm32f10x_it.o(i.PendSVC))
<BR>[Address Reference Count : 1]<UL><LI> stm32f10x_vector.o(RESET)
</UL>
<P><STRONG><a name="[b9]"></a>PendSV_Handler</STRONG> (Thumb, 0 bytes, Stack size 0 bytes, stm32f10x_it.o(i.PendSVC), UNUSED)

<P><STRONG><a name="[67]"></a>RCC_APB1PeriphClockCmd</STRONG> (Thumb, 18 bytes, Stack size 0 bytes, stm32f10x_rcc.o(i.RCC_APB1PeriphClockCmd))
<BR><BR>[Called By]<UL><LI><a href="#[63]">&gt;&gt;</a>&nbsp;&nbsp;&nbsp;BspTim3Init
<LI><a href="#[62]">&gt;&gt;</a>&nbsp;&nbsp;&nbsp;BspTim2Init
</UL>

<P><STRONG><a name="[9c]"></a>RCC_APB1PeriphResetCmd</STRONG> (Thumb, 18 bytes, Stack size 0 bytes, stm32f10x_rcc.o(i.RCC_APB1PeriphResetCmd))
<BR><BR>[Called By]<UL><LI><a href="#[72]">&gt;&gt;</a>&nbsp;&nbsp;&nbsp;USART_DeInit
<LI><a href="#[68]">&gt;&gt;</a>&nbsp;&nbsp;&nbsp;TIM_DeInit
</UL>

<P><STRONG><a name="[71]"></a>RCC_APB2PeriphClockCmd</STRONG> (Thumb, 18 bytes, Stack size 0 bytes, stm32f10x_rcc.o(i.RCC_APB2PeriphClockCmd))
<BR><BR>[Called By]<UL><LI><a href="#[64]">&gt;&gt;</a>&nbsp;&nbsp;&nbsp;BspUsart1Init
<LI><a href="#[61]">&gt;&gt;</a>&nbsp;&nbsp;&nbsp;LedInit
<LI><a href="#[60]">&gt;&gt;</a>&nbsp;&nbsp;&nbsp;GPIO_Configuration
</UL>

<P><STRONG><a name="[9d]"></a>RCC_APB2PeriphResetCmd</STRONG> (Thumb, 18 bytes, Stack size 0 bytes, stm32f10x_rcc.o(i.RCC_APB2PeriphResetCmd))
<BR><BR>[Called By]<UL><LI><a href="#[72]">&gt;&gt;</a>&nbsp;&nbsp;&nbsp;USART_DeInit
<LI><a href="#[68]">&gt;&gt;</a>&nbsp;&nbsp;&nbsp;TIM_DeInit
</UL>

<P><STRONG><a name="[5e]"></a>RCC_Configuration</STRONG> (Thumb, 100 bytes, Stack size 8 bytes, bsp.o(i.RCC_Configuration))
<BR><BR>[Stack]<UL><LI>Max Depth = 20<LI>Call Chain = RCC_Configuration &rArr; RCC_WaitForHSEStartUp
</UL>
<BR>[Calls]<UL><LI><a href="#[8d]">&gt;&gt;</a>&nbsp;&nbsp;&nbsp;RCC_WaitForHSEStartUp
<LI><a href="#[96]">&gt;&gt;</a>&nbsp;&nbsp;&nbsp;RCC_SYSCLKConfig
<LI><a href="#[93]">&gt;&gt;</a>&nbsp;&nbsp;&nbsp;RCC_PLLConfig
<LI><a href="#[94]">&gt;&gt;</a>&nbsp;&nbsp;&nbsp;RCC_PLLCmd
<LI><a href="#[91]">&gt;&gt;</a>&nbsp;&nbsp;&nbsp;RCC_PCLK2Config
<LI><a href="#[92]">&gt;&gt;</a>&nbsp;&nbsp;&nbsp;RCC_PCLK1Config
<LI><a href="#[8c]">&gt;&gt;</a>&nbsp;&nbsp;&nbsp;RCC_HSEConfig
<LI><a href="#[90]">&gt;&gt;</a>&nbsp;&nbsp;&nbsp;RCC_HCLKConfig
<LI><a href="#[97]">&gt;&gt;</a>&nbsp;&nbsp;&nbsp;RCC_GetSYSCLKSource
<LI><a href="#[95]">&gt;&gt;</a>&nbsp;&nbsp;&nbsp;RCC_GetFlagStatus
<LI><a href="#[8b]">&gt;&gt;</a>&nbsp;&nbsp;&nbsp;RCC_DeInit
<LI><a href="#[8f]">&gt;&gt;</a>&nbsp;&nbsp;&nbsp;FLASH_SetLatency
<LI><a href="#[8e]">&gt;&gt;</a>&nbsp;&nbsp;&nbsp;FLASH_PrefetchBufferCmd
</UL>
<BR>[Called By]<UL><LI><a href="#[5d]">&gt;&gt;</a>&nbsp;&nbsp;&nbsp;BspInit
</UL>

<P><STRONG><a name="[8b]"></a>RCC_DeInit</STRONG> (Thumb, 48 bytes, Stack size 0 bytes, stm32f10x_rcc.o(i.RCC_DeInit))
<BR><BR>[Called By]<UL><LI><a href="#[5e]">&gt;&gt;</a>&nbsp;&nbsp;&nbsp;RCC_Configuration
</UL>

<P><STRONG><a name="[a0]"></a>RCC_GetClocksFreq</STRONG> (Thumb, 138 bytes, Stack size 12 bytes, stm32f10x_rcc.o(i.RCC_GetClocksFreq))
<BR><BR>[Stack]<UL><LI>Max Depth = 12<LI>Call Chain = RCC_GetClocksFreq
</UL>
<BR>[Called By]<UL><LI><a href="#[74]">&gt;&gt;</a>&nbsp;&nbsp;&nbsp;USART_Init
</UL>

<P><STRONG><a name="[95]"></a>RCC_GetFlagStatus</STRONG> (Thumb, 42 bytes, Stack size 0 bytes, stm32f10x_rcc.o(i.RCC_GetFlagStatus))
<BR><BR>[Called By]<UL><LI><a href="#[8d]">&gt;&gt;</a>&nbsp;&nbsp;&nbsp;RCC_WaitForHSEStartUp
<LI><a href="#[5e]">&gt;&gt;</a>&nbsp;&nbsp;&nbsp;RCC_Configuration
</UL>

<P><STRONG><a name="[97]"></a>RCC_GetSYSCLKSource</STRONG> (Thumb, 10 bytes, Stack size 0 bytes, stm32f10x_rcc.o(i.RCC_GetSYSCLKSource))
<BR><BR>[Called By]<UL><LI><a href="#[5e]">&gt;&gt;</a>&nbsp;&nbsp;&nbsp;RCC_Configuration
</UL>

<P><STRONG><a name="[90]"></a>RCC_HCLKConfig</STRONG> (Thumb, 14 bytes, Stack size 0 bytes, stm32f10x_rcc.o(i.RCC_HCLKConfig))
<BR><BR>[Called By]<UL><LI><a href="#[5e]">&gt;&gt;</a>&nbsp;&nbsp;&nbsp;RCC_Configuration
</UL>

<P><STRONG><a name="[8c]"></a>RCC_HSEConfig</STRONG> (Thumb, 48 bytes, Stack size 0 bytes, stm32f10x_rcc.o(i.RCC_HSEConfig))
<BR><BR>[Called By]<UL><LI><a href="#[5e]">&gt;&gt;</a>&nbsp;&nbsp;&nbsp;RCC_Configuration
</UL>

<P><STRONG><a name="[f]"></a>RCC_IRQHandler</STRONG> (Thumb, 2 bytes, Stack size 0 bytes, stm32f10x_it.o(i.RCC_IRQHandler))
<BR>[Address Reference Count : 1]<UL><LI> stm32f10x_vector.o(RESET)
</UL>
<P><STRONG><a name="[92]"></a>RCC_PCLK1Config</STRONG> (Thumb, 14 bytes, Stack size 0 bytes, stm32f10x_rcc.o(i.RCC_PCLK1Config))
<BR><BR>[Called By]<UL><LI><a href="#[5e]">&gt;&gt;</a>&nbsp;&nbsp;&nbsp;RCC_Configuration
</UL>

<P><STRONG><a name="[91]"></a>RCC_PCLK2Config</STRONG> (Thumb, 16 bytes, Stack size 0 bytes, stm32f10x_rcc.o(i.RCC_PCLK2Config))
<BR><BR>[Called By]<UL><LI><a href="#[5e]">&gt;&gt;</a>&nbsp;&nbsp;&nbsp;RCC_Configuration
</UL>

<P><STRONG><a name="[94]"></a>RCC_PLLCmd</STRONG> (Thumb, 6 bytes, Stack size 0 bytes, stm32f10x_rcc.o(i.RCC_PLLCmd))
<BR><BR>[Called By]<UL><LI><a href="#[5e]">&gt;&gt;</a>&nbsp;&nbsp;&nbsp;RCC_Configuration
</UL>

<P><STRONG><a name="[93]"></a>RCC_PLLConfig</STRONG> (Thumb, 16 bytes, Stack size 0 bytes, stm32f10x_rcc.o(i.RCC_PLLConfig))
<BR><BR>[Called By]<UL><LI><a href="#[5e]">&gt;&gt;</a>&nbsp;&nbsp;&nbsp;RCC_Configuration
</UL>

<P><STRONG><a name="[96]"></a>RCC_SYSCLKConfig</STRONG> (Thumb, 14 bytes, Stack size 0 bytes, stm32f10x_rcc.o(i.RCC_SYSCLKConfig))
<BR><BR>[Called By]<UL><LI><a href="#[5e]">&gt;&gt;</a>&nbsp;&nbsp;&nbsp;RCC_Configuration
</UL>

<P><STRONG><a name="[8d]"></a>RCC_WaitForHSEStartUp</STRONG> (Thumb, 46 bytes, Stack size 12 bytes, stm32f10x_rcc.o(i.RCC_WaitForHSEStartUp))
<BR><BR>[Stack]<UL><LI>Max Depth = 12<LI>Call Chain = RCC_WaitForHSEStartUp
</UL>
<BR>[Calls]<UL><LI><a href="#[95]">&gt;&gt;</a>&nbsp;&nbsp;&nbsp;RCC_GetFlagStatus
</UL>
<BR>[Called By]<UL><LI><a href="#[5e]">&gt;&gt;</a>&nbsp;&nbsp;&nbsp;RCC_Configuration
</UL>

<P><STRONG><a name="[33]"></a>RTCAlarm_IRQHandler</STRONG> (Thumb, 2 bytes, Stack size 0 bytes, stm32f10x_it.o(i.RTCAlarm_IRQHandler))
<BR>[Address Reference Count : 1]<UL><LI> stm32f10x_vector.o(RESET)
</UL>
<P><STRONG><a name="[d]"></a>RTC_IRQHandler</STRONG> (Thumb, 2 bytes, Stack size 0 bytes, stm32f10x_it.o(i.RTC_IRQHandler))
<BR>[Address Reference Count : 1]<UL><LI> stm32f10x_vector.o(RESET)
</UL>
<P><STRONG><a name="[3b]"></a>SDIO_IRQHandler</STRONG> (Thumb, 2 bytes, Stack size 0 bytes, stm32f10x_it.o(i.SDIO_IRQHandler))
<BR>[Address Reference Count : 1]<UL><LI> stm32f10x_vector.o(RESET)
</UL>
<P><STRONG><a name="[2d]"></a>SPI1_IRQHandler</STRONG> (Thumb, 2 bytes, Stack size 0 bytes, stm32f10x_it.o(i.SPI1_IRQHandler))
<BR>[Address Reference Count : 1]<UL><LI> stm32f10x_vector.o(RESET)
</UL>
<P><STRONG><a name="[2e]"></a>SPI2_IRQHandler</STRONG> (Thumb, 2 bytes, Stack size 0 bytes, stm32f10x_it.o(i.SPI2_IRQHandler))
<BR>[Address Reference Count : 1]<UL><LI> stm32f10x_vector.o(RESET)
</UL>
<P><STRONG><a name="[3d]"></a>SPI3_IRQHandler</STRONG> (Thumb, 2 bytes, Stack size 0 bytes, stm32f10x_it.o(i.SPI3_IRQHandler))
<BR>[Address Reference Count : 1]<UL><LI> stm32f10x_vector.o(RESET)
</UL>
<P><STRONG><a name="[6]"></a>SVCHandler</STRONG> (Thumb, 2 bytes, Stack size 0 bytes, stm32f10x_it.o(i.SVCHandler))
<BR>[Address Reference Count : 1]<UL><LI> stm32f10x_vector.o(RESET)
</UL>
<P><STRONG><a name="[ba]"></a>SVC_Handler</STRONG> (Thumb, 0 bytes, Stack size 0 bytes, stm32f10x_it.o(i.SVCHandler), UNUSED)

<P><STRONG><a name="[9]"></a>SysTickHandler</STRONG> (Thumb, 2 bytes, Stack size 0 bytes, stm32f10x_it.o(i.SysTickHandler))
<BR>[Address Reference Count : 1]<UL><LI> stm32f10x_vector.o(RESET)
</UL>
<P><STRONG><a name="[c]"></a>TAMPER_IRQHandler</STRONG> (Thumb, 2 bytes, Stack size 0 bytes, stm32f10x_it.o(i.TAMPER_IRQHandler))
<BR>[Address Reference Count : 1]<UL><LI> stm32f10x_vector.o(RESET)
</UL>
<P><STRONG><a name="[22]"></a>TIM1_BRK_IRQHandler</STRONG> (Thumb, 2 bytes, Stack size 0 bytes, stm32f10x_it.o(i.TIM1_BRK_IRQHandler))
<BR>[Address Reference Count : 1]<UL><LI> stm32f10x_vector.o(RESET)
</UL>
<P><STRONG><a name="[25]"></a>TIM1_CC_IRQHandler</STRONG> (Thumb, 2 bytes, Stack size 0 bytes, stm32f10x_it.o(i.TIM1_CC_IRQHandler))
<BR>[Address Reference Count : 1]<UL><LI> stm32f10x_vector.o(RESET)
</UL>
<P><STRONG><a name="[24]"></a>TIM1_TRG_COM_IRQHandler</STRONG> (Thumb, 2 bytes, Stack size 0 bytes, stm32f10x_it.o(i.TIM1_TRG_COM_IRQHandler))
<BR>[Address Reference Count : 1]<UL><LI> stm32f10x_vector.o(RESET)
</UL>
<P><STRONG><a name="[23]"></a>TIM1_UP_IRQHandler</STRONG> (Thumb, 2 bytes, Stack size 0 bytes, stm32f10x_it.o(i.TIM1_UP_IRQHandler))
<BR>[Address Reference Count : 1]<UL><LI> stm32f10x_vector.o(RESET)
</UL>
<P><STRONG><a name="[26]"></a>TIM2_IRQHandler</STRONG> (Thumb, 48 bytes, Stack size 16 bytes, bsptime2.o(i.TIM2_IRQHandler))
<BR><BR>[Stack]<UL><LI>Max Depth = 16<LI>Call Chain = TIM2_IRQHandler
</UL>
<BR>[Calls]<UL><LI><a href="#[9b]">&gt;&gt;</a>&nbsp;&nbsp;&nbsp;TIM_GetITStatus
<LI><a href="#[6c]">&gt;&gt;</a>&nbsp;&nbsp;&nbsp;TIM_ClearITPendingBit
</UL>
<BR>[Address Reference Count : 1]<UL><LI> stm32f10x_vector.o(RESET)
</UL>
<P><STRONG><a name="[27]"></a>TIM3_IRQHandler</STRONG> (Thumb, 40 bytes, Stack size 8 bytes, bsptime3.o(i.TIM3_IRQHandler))
<BR><BR>[Stack]<UL><LI>Max Depth = 8<LI>Call Chain = TIM3_IRQHandler
</UL>
<BR>[Calls]<UL><LI><a href="#[9b]">&gt;&gt;</a>&nbsp;&nbsp;&nbsp;TIM_GetITStatus
<LI><a href="#[6c]">&gt;&gt;</a>&nbsp;&nbsp;&nbsp;TIM_ClearITPendingBit
</UL>
<BR>[Address Reference Count : 1]<UL><LI> stm32f10x_vector.o(RESET)
</UL>
<P><STRONG><a name="[28]"></a>TIM4_IRQHandler</STRONG> (Thumb, 2 bytes, Stack size 0 bytes, stm32f10x_it.o(i.TIM4_IRQHandler))
<BR>[Address Reference Count : 1]<UL><LI> stm32f10x_vector.o(RESET)
</UL>
<P><STRONG><a name="[3c]"></a>TIM5_IRQHandler</STRONG> (Thumb, 2 bytes, Stack size 0 bytes, stm32f10x_it.o(i.TIM5_IRQHandler))
<BR>[Address Reference Count : 1]<UL><LI> stm32f10x_vector.o(RESET)
</UL>
<P><STRONG><a name="[40]"></a>TIM6_IRQHandler</STRONG> (Thumb, 2 bytes, Stack size 0 bytes, stm32f10x_it.o(i.TIM6_IRQHandler))
<BR>[Address Reference Count : 1]<UL><LI> stm32f10x_vector.o(RESET)
</UL>
<P><STRONG><a name="[41]"></a>TIM7_IRQHandler</STRONG> (Thumb, 2 bytes, Stack size 0 bytes, stm32f10x_it.o(i.TIM7_IRQHandler))
<BR>[Address Reference Count : 1]<UL><LI> stm32f10x_vector.o(RESET)
</UL>
<P><STRONG><a name="[35]"></a>TIM8_BRK_IRQHandler</STRONG> (Thumb, 2 bytes, Stack size 0 bytes, stm32f10x_it.o(i.TIM8_BRK_IRQHandler))
<BR>[Address Reference Count : 1]<UL><LI> stm32f10x_vector.o(RESET)
</UL>
<P><STRONG><a name="[38]"></a>TIM8_CC_IRQHandler</STRONG> (Thumb, 2 bytes, Stack size 0 bytes, stm32f10x_it.o(i.TIM8_CC_IRQHandler))
<BR>[Address Reference Count : 1]<UL><LI> stm32f10x_vector.o(RESET)
</UL>
<P><STRONG><a name="[37]"></a>TIM8_TRG_COM_IRQHandler</STRONG> (Thumb, 2 bytes, Stack size 0 bytes, stm32f10x_it.o(i.TIM8_TRG_COM_IRQHandler))
<BR>[Address Reference Count : 1]<UL><LI> stm32f10x_vector.o(RESET)
</UL>
<P><STRONG><a name="[36]"></a>TIM8_UP_IRQHandler</STRONG> (Thumb, 2 bytes, Stack size 0 bytes, stm32f10x_it.o(i.TIM8_UP_IRQHandler))
<BR>[Address Reference Count : 1]<UL><LI> stm32f10x_vector.o(RESET)
</UL>
<P><STRONG><a name="[6c]"></a>TIM_ClearITPendingBit</STRONG> (Thumb, 6 bytes, Stack size 0 bytes, stm32f10x_tim.o(i.TIM_ClearITPendingBit))
<BR><BR>[Called By]<UL><LI><a href="#[27]">&gt;&gt;</a>&nbsp;&nbsp;&nbsp;TIM3_IRQHandler
<LI><a href="#[26]">&gt;&gt;</a>&nbsp;&nbsp;&nbsp;TIM2_IRQHandler
<LI><a href="#[63]">&gt;&gt;</a>&nbsp;&nbsp;&nbsp;BspTim3Init
</UL>

<P><STRONG><a name="[66]"></a>TIM_Cmd</STRONG> (Thumb, 22 bytes, Stack size 0 bytes, stm32f10x_tim.o(i.TIM_Cmd))
<BR><BR>[Called By]<UL><LI><a href="#[63]">&gt;&gt;</a>&nbsp;&nbsp;&nbsp;BspTim3Init
<LI><a href="#[62]">&gt;&gt;</a>&nbsp;&nbsp;&nbsp;BspTim2Init
<LI><a href="#[5a]">&gt;&gt;</a>&nbsp;&nbsp;&nbsp;BspTim2Close
<LI><a href="#[6d]">&gt;&gt;</a>&nbsp;&nbsp;&nbsp;BspTim3Open
<LI><a href="#[5b]">&gt;&gt;</a>&nbsp;&nbsp;&nbsp;BspTim3Close
</UL>

<P><STRONG><a name="[68]"></a>TIM_DeInit</STRONG> (Thumb, 170 bytes, Stack size 8 bytes, stm32f10x_tim.o(i.TIM_DeInit))
<BR><BR>[Stack]<UL><LI>Max Depth = 8<LI>Call Chain = TIM_DeInit
</UL>
<BR>[Calls]<UL><LI><a href="#[9d]">&gt;&gt;</a>&nbsp;&nbsp;&nbsp;RCC_APB2PeriphResetCmd
<LI><a href="#[9c]">&gt;&gt;</a>&nbsp;&nbsp;&nbsp;RCC_APB1PeriphResetCmd
</UL>
<BR>[Called By]<UL><LI><a href="#[63]">&gt;&gt;</a>&nbsp;&nbsp;&nbsp;BspTim3Init
<LI><a href="#[62]">&gt;&gt;</a>&nbsp;&nbsp;&nbsp;BspTim2Init
</UL>

<P><STRONG><a name="[9b]"></a>TIM_GetITStatus</STRONG> (Thumb, 24 bytes, Stack size 0 bytes, stm32f10x_tim.o(i.TIM_GetITStatus))
<BR><BR>[Called By]<UL><LI><a href="#[27]">&gt;&gt;</a>&nbsp;&nbsp;&nbsp;TIM3_IRQHandler
<LI><a href="#[26]">&gt;&gt;</a>&nbsp;&nbsp;&nbsp;TIM2_IRQHandler
</UL>

<P><STRONG><a name="[65]"></a>TIM_ITConfig</STRONG> (Thumb, 16 bytes, Stack size 0 bytes, stm32f10x_tim.o(i.TIM_ITConfig))
<BR><BR>[Called By]<UL><LI><a href="#[63]">&gt;&gt;</a>&nbsp;&nbsp;&nbsp;BspTim3Init
<LI><a href="#[62]">&gt;&gt;</a>&nbsp;&nbsp;&nbsp;BspTim2Init
<LI><a href="#[5a]">&gt;&gt;</a>&nbsp;&nbsp;&nbsp;BspTim2Close
<LI><a href="#[6d]">&gt;&gt;</a>&nbsp;&nbsp;&nbsp;BspTim3Open
<LI><a href="#[5b]">&gt;&gt;</a>&nbsp;&nbsp;&nbsp;BspTim3Close
</UL>

<P><STRONG><a name="[6b]"></a>TIM_SetCounter</STRONG> (Thumb, 4 bytes, Stack size 0 bytes, stm32f10x_tim.o(i.TIM_SetCounter))
<BR><BR>[Called By]<UL><LI><a href="#[63]">&gt;&gt;</a>&nbsp;&nbsp;&nbsp;BspTim3Init
<LI><a href="#[62]">&gt;&gt;</a>&nbsp;&nbsp;&nbsp;BspTim2Init
<LI><a href="#[6d]">&gt;&gt;</a>&nbsp;&nbsp;&nbsp;BspTim3Open
<LI><a href="#[5b]">&gt;&gt;</a>&nbsp;&nbsp;&nbsp;BspTim3Close
</UL>

<P><STRONG><a name="[69]"></a>TIM_TimeBaseInit</STRONG> (Thumb, 50 bytes, Stack size 0 bytes, stm32f10x_tim.o(i.TIM_TimeBaseInit))
<BR><BR>[Called By]<UL><LI><a href="#[63]">&gt;&gt;</a>&nbsp;&nbsp;&nbsp;BspTim3Init
<LI><a href="#[62]">&gt;&gt;</a>&nbsp;&nbsp;&nbsp;BspTim2Init
</UL>

<P><STRONG><a name="[3e]"></a>UART4_IRQHandler</STRONG> (Thumb, 2 bytes, Stack size 0 bytes, stm32f10x_it.o(i.UART4_IRQHandler))
<BR>[Address Reference Count : 1]<UL><LI> stm32f10x_vector.o(RESET)
</UL>
<P><STRONG><a name="[3f]"></a>UART5_IRQHandler</STRONG> (Thumb, 2 bytes, Stack size 0 bytes, stm32f10x_it.o(i.UART5_IRQHandler))
<BR>[Address Reference Count : 1]<UL><LI> stm32f10x_vector.o(RESET)
</UL>
<P><STRONG><a name="[2f]"></a>USART1_IRQHandler</STRONG> (Thumb, 178 bytes, Stack size 24 bytes, bspusart1.o(i.USART1_IRQHandler))
<BR><BR>[Stack]<UL><LI>Max Depth = 40<LI>Call Chain = USART1_IRQHandler &rArr; USART_GetITStatus
</UL>
<BR>[Calls]<UL><LI><a href="#[77]">&gt;&gt;</a>&nbsp;&nbsp;&nbsp;USART_SendData
<LI><a href="#[9f]">&gt;&gt;</a>&nbsp;&nbsp;&nbsp;USART_ReceiveData
<LI><a href="#[6f]">&gt;&gt;</a>&nbsp;&nbsp;&nbsp;USART_ITConfig
<LI><a href="#[9e]">&gt;&gt;</a>&nbsp;&nbsp;&nbsp;USART_GetITStatus
<LI><a href="#[70]">&gt;&gt;</a>&nbsp;&nbsp;&nbsp;USART_ClearITPendingBit
</UL>
<BR>[Address Reference Count : 1]<UL><LI> stm32f10x_vector.o(RESET)
</UL>
<P><STRONG><a name="[30]"></a>USART2_IRQHandler</STRONG> (Thumb, 2 bytes, Stack size 0 bytes, stm32f10x_it.o(i.USART2_IRQHandler))
<BR>[Address Reference Count : 1]<UL><LI> stm32f10x_vector.o(RESET)
</UL>
<P><STRONG><a name="[31]"></a>USART3_IRQHandler</STRONG> (Thumb, 2 bytes, Stack size 0 bytes, stm32f10x_it.o(i.USART3_IRQHandler))
<BR>[Address Reference Count : 1]<UL><LI> stm32f10x_vector.o(RESET)
</UL>
<P><STRONG><a name="[70]"></a>USART_ClearITPendingBit</STRONG> (Thumb, 12 bytes, Stack size 0 bytes, stm32f10x_usart.o(i.USART_ClearITPendingBit))
<BR><BR>[Called By]<UL><LI><a href="#[2f]">&gt;&gt;</a>&nbsp;&nbsp;&nbsp;USART1_IRQHandler
<LI><a href="#[5c]">&gt;&gt;</a>&nbsp;&nbsp;&nbsp;BspUsart1Close
</UL>

<P><STRONG><a name="[6e]"></a>USART_Cmd</STRONG> (Thumb, 20 bytes, Stack size 0 bytes, stm32f10x_usart.o(i.USART_Cmd))
<BR><BR>[Called By]<UL><LI><a href="#[64]">&gt;&gt;</a>&nbsp;&nbsp;&nbsp;BspUsart1Init
<LI><a href="#[5c]">&gt;&gt;</a>&nbsp;&nbsp;&nbsp;BspUsart1Close
</UL>

<P><STRONG><a name="[72]"></a>USART_DeInit</STRONG> (Thumb, 98 bytes, Stack size 8 bytes, stm32f10x_usart.o(i.USART_DeInit))
<BR><BR>[Stack]<UL><LI>Max Depth = 8<LI>Call Chain = USART_DeInit
</UL>
<BR>[Calls]<UL><LI><a href="#[9d]">&gt;&gt;</a>&nbsp;&nbsp;&nbsp;RCC_APB2PeriphResetCmd
<LI><a href="#[9c]">&gt;&gt;</a>&nbsp;&nbsp;&nbsp;RCC_APB1PeriphResetCmd
</UL>
<BR>[Called By]<UL><LI><a href="#[64]">&gt;&gt;</a>&nbsp;&nbsp;&nbsp;BspUsart1Init
</UL>

<P><STRONG><a name="[9e]"></a>USART_GetITStatus</STRONG> (Thumb, 62 bytes, Stack size 16 bytes, stm32f10x_usart.o(i.USART_GetITStatus))
<BR><BR>[Stack]<UL><LI>Max Depth = 16<LI>Call Chain = USART_GetITStatus
</UL>
<BR>[Called By]<UL><LI><a href="#[2f]">&gt;&gt;</a>&nbsp;&nbsp;&nbsp;USART1_IRQHandler
</UL>

<P><STRONG><a name="[6f]"></a>USART_ITConfig</STRONG> (Thumb, 48 bytes, Stack size 8 bytes, stm32f10x_usart.o(i.USART_ITConfig))
<BR><BR>[Stack]<UL><LI>Max Depth = 8<LI>Call Chain = USART_ITConfig
</UL>
<BR>[Called By]<UL><LI><a href="#[2f]">&gt;&gt;</a>&nbsp;&nbsp;&nbsp;USART1_IRQHandler
<LI><a href="#[64]">&gt;&gt;</a>&nbsp;&nbsp;&nbsp;BspUsart1Init
<LI><a href="#[5c]">&gt;&gt;</a>&nbsp;&nbsp;&nbsp;BspUsart1Close
<LI><a href="#[76]">&gt;&gt;</a>&nbsp;&nbsp;&nbsp;BspUsart1Send
</UL>

<P><STRONG><a name="[74]"></a>USART_Init</STRONG> (Thumb, 134 bytes, Stack size 32 bytes, stm32f10x_usart.o(i.USART_Init))
<BR><BR>[Stack]<UL><LI>Max Depth = 44<LI>Call Chain = USART_Init &rArr; RCC_GetClocksFreq
</UL>
<BR>[Calls]<UL><LI><a href="#[a0]">&gt;&gt;</a>&nbsp;&nbsp;&nbsp;RCC_GetClocksFreq
</UL>
<BR>[Called By]<UL><LI><a href="#[64]">&gt;&gt;</a>&nbsp;&nbsp;&nbsp;BspUsart1Init
</UL>

<P><STRONG><a name="[9f]"></a>USART_ReceiveData</STRONG> (Thumb, 8 bytes, Stack size 0 bytes, stm32f10x_usart.o(i.USART_ReceiveData))
<BR><BR>[Called By]<UL><LI><a href="#[2f]">&gt;&gt;</a>&nbsp;&nbsp;&nbsp;USART1_IRQHandler
</UL>

<P><STRONG><a name="[77]"></a>USART_SendData</STRONG> (Thumb, 8 bytes, Stack size 0 bytes, stm32f10x_usart.o(i.USART_SendData))
<BR><BR>[Called By]<UL><LI><a href="#[2f]">&gt;&gt;</a>&nbsp;&nbsp;&nbsp;USART1_IRQHandler
<LI><a href="#[76]">&gt;&gt;</a>&nbsp;&nbsp;&nbsp;BspUsart1Send
</UL>

<P><STRONG><a name="[73]"></a>USART_StructInit</STRONG> (Thumb, 22 bytes, Stack size 0 bytes, stm32f10x_usart.o(i.USART_StructInit))
<BR><BR>[Called By]<UL><LI><a href="#[64]">&gt;&gt;</a>&nbsp;&nbsp;&nbsp;BspUsart1Init
</UL>

<P><STRONG><a name="[34]"></a>USBWakeUp_IRQHandler</STRONG> (Thumb, 2 bytes, Stack size 0 bytes, stm32f10x_it.o(i.USBWakeUp_IRQHandler))
<BR>[Address Reference Count : 1]<UL><LI> stm32f10x_vector.o(RESET)
</UL>
<P><STRONG><a name="[1d]"></a>USB_HP_CAN_TX_IRQHandler</STRONG> (Thumb, 2 bytes, Stack size 0 bytes, stm32f10x_it.o(i.USB_HP_CAN_TX_IRQHandler))
<BR>[Address Reference Count : 1]<UL><LI> stm32f10x_vector.o(RESET)
</UL>
<P><STRONG><a name="[1e]"></a>USB_LP_CAN_RX0_IRQHandler</STRONG> (Thumb, 2 bytes, Stack size 0 bytes, stm32f10x_it.o(i.USB_LP_CAN_RX0_IRQHandler))
<BR>[Address Reference Count : 1]<UL><LI> stm32f10x_vector.o(RESET)
</UL>
<P><STRONG><a name="[5]"></a>UsageFaultException</STRONG> (Thumb, 2 bytes, Stack size 0 bytes, stm32f10x_it.o(i.UsageFaultException))
<BR><BR>[Calls]<UL><LI><a href="#[5]">&gt;&gt;</a>&nbsp;&nbsp;&nbsp;UsageFaultException
</UL>
<BR>[Called By]<UL><LI><a href="#[5]">&gt;&gt;</a>&nbsp;&nbsp;&nbsp;UsageFaultException
</UL>
<BR>[Address Reference Count : 1]<UL><LI> stm32f10x_vector.o(RESET)
</UL>
<P><STRONG><a name="[bb]"></a>UsageFault_Handler</STRONG> (Thumb, 0 bytes, Stack size 0 bytes, stm32f10x_it.o(i.UsageFaultException), UNUSED)

<P><STRONG><a name="[a]"></a>WWDG_IRQHandler</STRONG> (Thumb, 2 bytes, Stack size 0 bytes, stm32f10x_it.o(i.WWDG_IRQHandler))
<BR>[Address Reference Count : 1]<UL><LI> stm32f10x_vector.o(RESET)
</UL>
<P><STRONG><a name="[99]"></a>YmodemReceive</STRONG> (Thumb, 370 bytes, Stack size 56 bytes, ymodem.o(i.YmodemReceive))
<BR><BR>[Stack]<UL><LI>Max Depth = 112<LI>Call Chain = YmodemReceive &rArr; YmodemSendChar &rArr; BspUsart1Send &rArr; USART_ITConfig
</UL>
<BR>[Calls]<UL><LI><a href="#[a1]">&gt;&gt;</a>&nbsp;&nbsp;&nbsp;YmodemSendChar
<LI><a href="#[9a]">&gt;&gt;</a>&nbsp;&nbsp;&nbsp;ReceivePacket
</UL>
<BR>[Called By]<UL><LI><a href="#[4b]">&gt;&gt;</a>&nbsp;&nbsp;&nbsp;ReceiveData
</UL>

<P><STRONG><a name="[a1]"></a>YmodemSendChar</STRONG> (Thumb, 52 bytes, Stack size 24 bytes, ymodem.o(i.YmodemSendChar))
<BR><BR>[Stack]<UL><LI>Max Depth = 56<LI>Call Chain = YmodemSendChar &rArr; BspUsart1Send &rArr; USART_ITConfig
</UL>
<BR>[Calls]<UL><LI><a href="#[76]">&gt;&gt;</a>&nbsp;&nbsp;&nbsp;BspUsart1Send
</UL>
<BR>[Called By]<UL><LI><a href="#[99]">&gt;&gt;</a>&nbsp;&nbsp;&nbsp;YmodemReceive
</UL>

<P><STRONG><a name="[bc]"></a>__scatterload_copy</STRONG> (Thumb, 14 bytes, Stack size unknown bytes, handlers.o(i.__scatterload_copy), UNUSED)

<P><STRONG><a name="[bd]"></a>__scatterload_null</STRONG> (Thumb, 2 bytes, Stack size unknown bytes, handlers.o(i.__scatterload_null), UNUSED)

<P><STRONG><a name="[be]"></a>__scatterload_zeroinit</STRONG> (Thumb, 14 bytes, Stack size unknown bytes, handlers.o(i.__scatterload_zeroinit), UNUSED)

<P><STRONG><a name="[46]"></a>main</STRONG> (Thumb, 34 bytes, Stack size 0 bytes, main.o(i.main))
<BR><BR>[Stack]<UL><LI>Max Depth = 100<LI>Call Chain = main &rArr; BspInit &rArr; BspUsart1Init &rArr; USART_Init &rArr; RCC_GetClocksFreq
</UL>
<BR>[Calls]<UL><LI><a href="#[86]">&gt;&gt;</a>&nbsp;&nbsp;&nbsp;LedOff
<LI><a href="#[82]">&gt;&gt;</a>&nbsp;&nbsp;&nbsp;FLASH_Unlock
<LI><a href="#[79]">&gt;&gt;</a>&nbsp;&nbsp;&nbsp;CommonInit
<LI><a href="#[a2]">&gt;&gt;</a>&nbsp;&nbsp;&nbsp;CommonExec
<LI><a href="#[5d]">&gt;&gt;</a>&nbsp;&nbsp;&nbsp;BspInit
</UL>
<BR>[Address Reference Count : 1]<UL><LI> entry9a.o(.ARM.Collect$$$$0000000B)
</UL><P>
<H3>
Local Symbols
</H3>
<P><STRONG><a name="[48]"></a>AppChoose</STRONG> (Thumb, 66 bytes, Stack size 16 bytes, common.o(i.AppChoose))
<BR><BR>[Stack]<UL><LI>Max Depth = 72<LI>Call Chain = AppChoose &rArr; JumpToApp &rArr; BspClose &rArr; BspUsart1Close &rArr; USART_ITConfig
</UL>
<BR>[Calls]<UL><LI><a href="#[57]">&gt;&gt;</a>&nbsp;&nbsp;&nbsp;JumpToApp
<LI><a href="#[58]">&gt;&gt;</a>&nbsp;&nbsp;&nbsp;Print
</UL>
<BR>[Address Reference Count : 1]<UL><LI> common.o(i.CommonExec)
</UL>
<P><STRONG><a name="[49]"></a>DisplayMessage</STRONG> (Thumb, 68 bytes, Stack size 16 bytes, common.o(i.DisplayMessage))
<BR><BR>[Stack]<UL><LI>Max Depth = 64<LI>Call Chain = DisplayMessage &rArr; Print &rArr; BspUsart1Send &rArr; USART_ITConfig
</UL>
<BR>[Calls]<UL><LI><a href="#[58]">&gt;&gt;</a>&nbsp;&nbsp;&nbsp;Print
<LI><a href="#[7c]">&gt;&gt;</a>&nbsp;&nbsp;&nbsp;strcpy
<LI><a href="#[7d]">&gt;&gt;</a>&nbsp;&nbsp;&nbsp;strcat
</UL>
<BR>[Address Reference Count : 1]<UL><LI> common.o(i.CommonExec)
</UL>
<P><STRONG><a name="[4a]"></a>InputSelect</STRONG> (Thumb, 62 bytes, Stack size 16 bytes, common.o(i.InputSelect))
<BR><BR>[Stack]<UL><LI>Max Depth = 64<LI>Call Chain = InputSelect &rArr; Print &rArr; BspUsart1Send &rArr; USART_ITConfig
</UL>
<BR>[Calls]<UL><LI><a href="#[58]">&gt;&gt;</a>&nbsp;&nbsp;&nbsp;Print
</UL>
<BR>[Address Reference Count : 1]<UL><LI> common.o(i.CommonExec)
</UL>
<P><STRONG><a name="[58]"></a>Print</STRONG> (Thumb, 24 bytes, Stack size 16 bytes, common.o(i.Print))
<BR><BR>[Stack]<UL><LI>Max Depth = 48<LI>Call Chain = Print &rArr; BspUsart1Send &rArr; USART_ITConfig
</UL>
<BR>[Calls]<UL><LI><a href="#[76]">&gt;&gt;</a>&nbsp;&nbsp;&nbsp;BspUsart1Send
<LI><a href="#[8a]">&gt;&gt;</a>&nbsp;&nbsp;&nbsp;strlen
</UL>
<BR>[Called By]<UL><LI><a href="#[4b]">&gt;&gt;</a>&nbsp;&nbsp;&nbsp;ReceiveData
<LI><a href="#[4a]">&gt;&gt;</a>&nbsp;&nbsp;&nbsp;InputSelect
<LI><a href="#[49]">&gt;&gt;</a>&nbsp;&nbsp;&nbsp;DisplayMessage
<LI><a href="#[48]">&gt;&gt;</a>&nbsp;&nbsp;&nbsp;AppChoose
</UL>

<P><STRONG><a name="[4d]"></a>ReceOneChar</STRONG> (Thumb, 32 bytes, Stack size 0 bytes, common.o(i.ReceOneChar))
<BR><BR>[Stack]<UL><LI>Max Depth = 8<LI>Call Chain = ReceOneChar &rArr; BspTim3Open
</UL>
<BR>[Calls]<UL><LI><a href="#[6d]">&gt;&gt;</a>&nbsp;&nbsp;&nbsp;BspTim3Open
</UL>
<BR>[Address Reference Count : 1]<UL><LI> common.o(i.CommonInit)
</UL>
<P><STRONG><a name="[4b]"></a>ReceiveData</STRONG> (Thumb, 122 bytes, Stack size 1056 bytes, common.o(i.ReceiveData))
<BR><BR>[Stack]<UL><LI>Max Depth = 1168<LI>Call Chain = ReceiveData &rArr; YmodemReceive &rArr; YmodemSendChar &rArr; BspUsart1Send &rArr; USART_ITConfig
</UL>
<BR>[Calls]<UL><LI><a href="#[99]">&gt;&gt;</a>&nbsp;&nbsp;&nbsp;YmodemReceive
<LI><a href="#[58]">&gt;&gt;</a>&nbsp;&nbsp;&nbsp;Print
<LI><a href="#[98]">&gt;&gt;</a>&nbsp;&nbsp;&nbsp;__aeabi_memclr4
</UL>
<BR>[Address Reference Count : 1]<UL><LI> common.o(i.CommonExec)
</UL>
<P><STRONG><a name="[4c]"></a>TimEndHandle</STRONG> (Thumb, 18 bytes, Stack size 8 bytes, common.o(i.TimEndHandle))
<BR><BR>[Stack]<UL><LI>Max Depth = 16<LI>Call Chain = TimEndHandle &rArr; BspTim3Close
</UL>
<BR>[Calls]<UL><LI><a href="#[5b]">&gt;&gt;</a>&nbsp;&nbsp;&nbsp;BspTim3Close
</UL>
<BR>[Address Reference Count : 1]<UL><LI> common.o(i.CommonInit)
</UL>
<P><STRONG><a name="[83]"></a>FLASH_PagesMask</STRONG> (Thumb, 20 bytes, Stack size 8 bytes, download.o(i.FLASH_PagesMask))
<BR><BR>[Stack]<UL><LI>Max Depth = 8<LI>Call Chain = FLASH_PagesMask
</UL>
<BR>[Called By]<UL><LI><a href="#[4f]">&gt;&gt;</a>&nbsp;&nbsp;&nbsp;FLASH_WriteBank
<LI><a href="#[4e]">&gt;&gt;</a>&nbsp;&nbsp;&nbsp;FLASH_ProgramStart
</UL>

<P><STRONG><a name="[9a]"></a>ReceivePacket</STRONG> (Thumb, 206 bytes, Stack size 32 bytes, ymodem.o(i.ReceivePacket))
<BR><BR>[Stack]<UL><LI>Max Depth = 32<LI>Call Chain = ReceivePacket
</UL>
<BR>[Calls]<UL><LI><a href="#[78]">&gt;&gt;</a>&nbsp;&nbsp;&nbsp;__aeabi_memcpy
</UL>
<BR>[Called By]<UL><LI><a href="#[99]">&gt;&gt;</a>&nbsp;&nbsp;&nbsp;YmodemReceive
</UL>
<P>
<H3>
Undefined Global Symbols
</H3><HR></body></html>
